Microchip Technology Inc, v1.25 (A)

Tool Name:
  c:\program files (x86)\microchip\xc16\v1.25\bin\bin\..\bin/elf-ld.exe

Command:
  -p24FV16KM202 \
  -o \
  dist/default/production/mplabx.X.production.elf \
  -Lc:/program files (x86)/microchip/xc16/v1.25/bin/bin/.. \
  -Lc:/program files (x86)/microchip/xc16/v1.25/bin/bin/../../lib \
  -Lc:/program files (x86)/microchip/xc16/v1.25/bin/bin/../../support/PIC24E/gld \
  -Lc:/program files (x86)/microchip/xc16/v1.25/bin/bin/../../support/PIC24F/gld \
  -Lc:/program files (x86)/microchip/xc16/v1.25/bin/bin/../../support/PIC24H/gld \
  -Lc:/program files (x86)/microchip/xc16/v1.25/bin/bin/../../support/dsPIC30F/gld \
  -Lc:/program files (x86)/microchip/xc16/v1.25/bin/bin/../../support/dsPIC33E/gld \
  -Lc:/program files (x86)/microchip/xc16/v1.25/bin/bin/../../support/dsPIC33F/gld \
  build/default/production/_ext/1445274692/frame.o \
  build/default/production/_ext/1472/main.o \
  build/default/production/_ext/1445274692/dispatch.o \
  build/default/production/_ext/1472/uart.o \
  build/default/production/_ext/1472/cbuffer.o \
  --defsym=__MPLAB_BUILD=1 \
  -Tp24FV16KM202.gld.00 \
  --stack=16 \
  --check-sections \
  --data-init \
  --pack-data \
  --handles \
  --isr \
  --no-gc-sections \
  --fill-upper=0 \
  --stackguard=16 \
  --no-force-link \
  --smart-io \
  -Map=dist/default/production/mplabx.X.production.map \
  --report-mem \
  --memorysummary \
  dist/default/production/memoryfile.xml \
  -start-group \
  --library=lega-pic30-elf \
  --library=m-elf \
  --library=lega-c-elf \
  -end-group \


Optional library libpPIC24Fxxx.a not found
Archive member included because of file (symbol)

c:/program files (x86)/microchip/xc16/v1.25/bin/bin/../../lib\liblega-pic30-elf.a(crt0_standard.o)
                              (__resetPRI)
c:/program files (x86)/microchip/xc16/v1.25/bin/bin/../../lib\liblega-pic30-elf.a(data_init_standard.o)
                              c:/program files (x86)/microchip/xc16/v1.25/bin/bin/../../lib\liblega-pic30-elf.a(crt0_standard.o) (__data_init_standard)
c:/program files (x86)/microchip/xc16/v1.25/bin/bin/../../lib\liblega-c-elf.a(strcmp.XXeo)
                              build/default/production/_ext/1445274692/dispatch.o (_strcmp)
c:/program files (x86)/microchip/xc16/v1.25/bin/bin/../../lib\liblega-c-elf.a(strlen.XXeo)
                              build/default/production/_ext/1445274692/dispatch.o (_strlen)
c:/program files (x86)/microchip/xc16/v1.25/bin/bin/../../lib\liblega-c-elf.a(xstoul.XXeo)
                              build/default/production/_ext/1445274692/dispatch.o (__Stoul)
c:/program files (x86)/microchip/xc16/v1.25/bin/bin/../../lib\liblega-c-elf.a(isspace.XXelso)
                              c:/program files (x86)/microchip/xc16/v1.25/bin/bin/../../lib\liblega-c-elf.a(xstoul.XXeo) (_isspace)
c:/program files (x86)/microchip/xc16/v1.25/bin/bin/../../lib\liblega-c-elf.a(tolower.XXelso)
                              c:/program files (x86)/microchip/xc16/v1.25/bin/bin/../../lib\liblega-c-elf.a(xstoul.XXeo) (_tolower)
c:/program files (x86)/microchip/xc16/v1.25/bin/bin/../../lib\liblega-c-elf.a(errno.XXelo)
                              c:/program files (x86)/microchip/xc16/v1.25/bin/bin/../../lib\liblega-c-elf.a(xstoul.XXeo) (_errno)
c:/program files (x86)/microchip/xc16/v1.25/bin/bin/../../lib\liblega-c-elf.a(memchr.XXeo)
                              c:/program files (x86)/microchip/xc16/v1.25/bin/bin/../../lib\liblega-c-elf.a(xstoul.XXeo) (_memchr)
c:/program files (x86)/microchip/xc16/v1.25/bin/bin/../../lib\libm-elf.a(udivsi3.eo)
                              c:/program files (x86)/microchip/xc16/v1.25/bin/bin/../../lib\liblega-c-elf.a(xstoul.XXeo) (___udivsi3)
c:/program files (x86)/microchip/xc16/v1.25/bin/bin/../../lib\libm-elf.a(mulsi3.eo)
                              c:/program files (x86)/microchip/xc16/v1.25/bin/bin/../../lib\liblega-c-elf.a(xstoul.XXeo) (___mulsi3)


xc16-ld 1.25 (A)

Program Memory  [Origin = 0x200, Length = 0x2a00]

section                    address   length (PC units)   length (bytes) (dec)
-------                    -------   -----------------   --------------------
.text                        0x200               0x27c           0x3ba  (954)
.text                        0x47c              0x186a          0x249f  (9375)
.dinit                      0x1ce6                0x52            0x7b  (123)
.text                       0x1d38                0x20            0x30  (48)

                     Total program memory used (bytes):         0x2904  (10500) 65%


Data Memory  [Origin = 0x800, Length = 0x800]

section                    address      alignment gaps    total length  (dec)
-------                    -------      --------------    -------------------
.nbss                        0x800                   0           0x2ec  (748)
.data                        0xaec                   0            0x4a  (74)
[...]
Memory Configuration

Name             Origin             Length             Attributes
data             0x000800           0x000800           a !xr
reset            0x000000           0x000004  
ivt              0x000004           0x0000fc  
_reserved        0x000100           0x000004  
aivt             0x000104           0x0000fc  
program          0x000200           0x002a00           xr
eedata           0x7ffe00           0x000200  
FBS              0xf80000           0x000002  
FGS              0xf80004           0x000002  
FOSCSEL          0xf80006           0x000002  
FOSC             0xf80008           0x000002  
FWDT             0xf8000a           0x000002  
FPOR             0xf8000c           0x000002  
FICD             0xf8000e           0x000002  
*default*        0x000000           0xffffffff  

Linker script and memory map

LOAD build/default/production/_ext/1445274692/frame.o
LOAD build/default/production/_ext/1472/main.o
LOAD build/default/production/_ext/1445274692/dispatch.o
LOAD build/default/production/_ext/1472/uart.o
LOAD build/default/production/_ext/1472/cbuffer.o
                    0x0001                  __MPLAB_BUILD = 0x1
LOAD pPIC24Fxxx
LOAD c:/program files (x86)/microchip/xc16/v1.25/bin/bin/../../lib\libfx-elf.a
                    0xf80000                  __FBS = 0xf80000
                    0xf80004                  __FGS = 0xf80004
                    0xf80006                  __FOSCSEL = 0xf80006
                    0xf80008                  __FOSC = 0xf80008
                    0xf8000a                  __FWDT = 0xf8000a
                    0xf8000c                  __FPOR = 0xf8000c
                    0xf8000e                  __FICD = 0xf8000e
                    0x0001                  __NO_HANDLES = 0x1
                    0x0200                  __CODE_BASE = 0x200
                    0x2a00                  __CODE_LENGTH = 0x2a00
                    0x0004                  __IVT_BASE = 0x4
                    0x0104                  __AIVT_BASE = 0x104
                    0x0800                  __DATA_BASE = 0x800
                    0x0800                  __DATA_LENGTH = 0x800

.reset            0x000000          0x4
                  0x000000          0x2 SHORT 0x200 ABSOLUTE (__reset)
                  0x000001          0x2 SHORT 0x4
                  0x000002          0x2 SHORT 0x0 ((ABSOLUTE (__reset) >> 0x10) & 0x7f)
                  0x000003          0x2 SHORT 0x0

.text             0x000200        0x27c
 *(.init)
 .init            0x000200         0x3c c:/program files (x86)/microchip/xc16/v1.25/bin/bin/../../lib\liblega-pic30-elf.a(crt0_standard.o)
                  0x000200                  __resetPRI
                  0x000200                  __reset
                  0x00022c                  __psv_init
 .init            0x00023c         0x5e c:/program files (x86)/microchip/xc16/v1.25/bin/bin/../../lib\liblega-pic30-elf.a(data_init_standard.o)
                  0x00023c                  __data_init_standard
                  0x00023c                  __data_init
 *(.user_init)
 *(.handle)
 *(.isr*)
 .isr             0x0002ae          0x4 default_isr
                  0x0002ae                  __DefaultInterrupt
 *(.libc)
 *(.libm)
 *(.libdsp)
 *(.lib*)
 .libc.strcmp     0x0002b2         0x20 c:/program files (x86)/microchip/xc16/v1.25/bin/bin/../../lib\liblega-c-elf.a(strcmp.XXeo)
                  0x0002b2                  _strcmp
 .libc.strlen     0x0002d2          0xc c:/program files (x86)/microchip/xc16/v1.25/bin/bin/../../lib\liblega-c-elf.a(strlen.XXeo)
                  0x0002d2                  _strlen
 .libc._Stoul     0x0002de        0x134 c:/program files (x86)/microchip/xc16/v1.25/bin/bin/../../lib\liblega-c-elf.a(xstoul.XXeo)
                  0x0002de                  __Stoul
 .libc.isspace    0x000412         0x10 c:/program files (x86)/microchip/xc16/v1.25/bin/bin/../../lib\liblega-c-elf.a(isspace.XXelso)
                  0x000412                  _isspace
 .libc.tolower    0x000422          0xe c:/program files (x86)/microchip/xc16/v1.25/bin/bin/../../lib\liblega-c-elf.a(tolower.XXelso)
                  0x000422                  _tolower
 .libc._Geterrno
                  0x000430          0xc c:/program files (x86)/microchip/xc16/v1.25/bin/bin/../../lib\liblega-c-elf.a(errno.XXelo)
                  0x000430                  __Geterrno
 .libc.memchr     0x00043c         0x14 c:/program files (x86)/microchip/xc16/v1.25/bin/bin/../../lib\liblega-c-elf.a(memchr.XXeo)
                  0x00043c                  _memchr
 .libm.udivsi3    0x000450         0x20 c:/program files (x86)/microchip/xc16/v1.25/bin/bin/../../lib\libm-elf.a(udivsi3.eo)
                  0x000450                  ___udivsi3
 .libm.mulsi3     0x000470          0xc c:/program files (x86)/microchip/xc16/v1.25/bin/bin/../../lib\libm-elf.a(mulsi3.eo)
                  0x000470                  ___mulp32peds3
                  0x000470                  ___mulsi3
                  0x000470                  ___mulp32eds3

usercode
 *(usercode)

__FBS
 *(__FBS.sec*)

__FGS
 *(__FGS.sec*)

__FOSCSEL
 *(__FOSCSEL.sec*)

__FOSC
 *(__FOSC.sec*)

__FWDT
 *(__FWDT.sec*)

__FPOR
 *(__FPOR.sec*)

__FICD
 *(__FICD.sec*)

.comment
 *(.comment)

.debug_info       0x000000       0x268f
 *(.debug_info)
 .debug_info      0x000000        0x5d3 build/default/production/_ext/1445274692/frame.o
 .debug_info      0x0005d3        0x13e build/default/production/_ext/1472/main.o
 .debug_info      0x000711        0xd5e build/default/production/_ext/1445274692/dispatch.o
 .debug_info      0x00146f        0xc1c build/default/production/_ext/1472/uart.o
 .debug_info      0x00208b        0x604 build/default/production/_ext/1472/cbuffer.o
 *(.gnu.linkonce.wi.*)

.debug_abbrev     0x000000        0x53d
 *(.debug_abbrev)
 .debug_abbrev    0x000000        0x108 build/default/production/_ext/1445274692/frame.o
 .debug_abbrev    0x000108         0x4b build/default/production/_ext/1472/main.o
 .debug_abbrev    0x000153        0x171 build/default/production/_ext/1445274692/dispatch.o
 .debug_abbrev    0x0002c4        0x187 build/default/production/_ext/1472/uart.o
 .debug_abbrev    0x00044b         0xf2 build/default/production/_ext/1472/cbuffer.o

.debug_line       0x000000       0x1c15
 *(.debug_line)
 .debug_line      0x000000        0x4b9 build/default/production/_ext/1445274692/frame.o
 .debug_line      0x0004b9         0x95 build/default/production/_ext/1472/main.o
 .debug_line      0x00054e        0xec7 build/default/production/_ext/1445274692/dispatch.o
 .debug_line      0x001415        0x2d6 build/default/production/_ext/1472/uart.o
 .debug_line      0x0016eb        0x52a build/default/production/_ext/1472/cbuffer.o

.debug_frame      0x000000        0x374
 *(.debug_frame)
 .debug_frame     0x000000         0xb4 build/default/production/_ext/1445274692/frame.o
 .debug_frame     0x0000b4         0x34 build/default/production/_ext/1472/main.o
 .debug_frame     0x0000e8        0x154 build/default/production/_ext/1445274692/dispatch.o
 .debug_frame     0x00023c         0x84 build/default/production/_ext/1472/uart.o
 .debug_frame     0x0002c0         0xb4 build/default/production/_ext/1472/cbuffer.o

.debug_str        0x000000        0x12d
 *(.debug_str)
 .debug_str       0x000000         0x87 build/default/production/_ext/1445274692/frame.o
 .debug_str       0x000087         0x52 build/default/production/_ext/1445274692/dispatch.o
 .debug_str       0x0000d9         0x37 build/default/production/_ext/1472/uart.o
 .debug_str       0x000110         0x1d build/default/production/_ext/1472/cbuffer.o

.debug_loc
 *(.debug_loc)

.debug_macinfo
 *(.debug_macinfo)

.debug_pubnames
                  0x000000        0x478
 *(.debug_pubnames)
 .debug_pubnames
                  0x000000        0x16b build/default/production/_ext/1445274692/frame.o
 .debug_pubnames
                  0x00016b         0x2c build/default/production/_ext/1472/main.o
 .debug_pubnames
                  0x000197        0x1ab build/default/production/_ext/1445274692/dispatch.o
 .debug_pubnames
                  0x000342         0x88 build/default/production/_ext/1472/uart.o
 .debug_pubnames
                  0x0003ca         0xae build/default/production/_ext/1472/cbuffer.o

.debug_ranges
 *(.debug_ranges)

.debug_aranges    0x000000         0x78
 *(.debug_aranges)
 .debug_aranges
                  0x000000         0x18 build/default/production/_ext/1445274692/frame.o
 .debug_aranges
                  0x000018         0x18 build/default/production/_ext/1472/main.o
 .debug_aranges
                  0x000030         0x18 build/default/production/_ext/1445274692/dispatch.o
 .debug_aranges
                  0x000048         0x18 build/default/production/_ext/1472/uart.o
 .debug_aranges
                  0x000060         0x18 build/default/production/_ext/1472/cbuffer.o

.ivt              0x000004         0xfc
                  0x000004          0x4 LONG 0x2ae DEFINED (__ReservedTrap0)?ABSOLUTE (__ReservedTrap0):ABSOLUTE (__DefaultInterrupt)
                  0x000006          0x4 LONG 0x2ae DEFINED (__OscillatorFail)?ABSOLUTE (__OscillatorFail):ABSOLUTE (__DefaultInterrupt)
                  0x000008          0x4 LONG 0x2ae DEFINED (__AddressError)?ABSOLUTE (__AddressError):ABSOLUTE (__DefaultInterrupt)
                  0x00000a          0x4 LONG 0x2ae DEFINED (__StackError)?ABSOLUTE (__StackError):ABSOLUTE (__DefaultInterrupt)
                  0x00000c          0x4 LONG 0x2ae DEFINED (__MathError)?ABSOLUTE (__MathError):ABSOLUTE (__DefaultInterrupt)
                  0x00000e          0x4 LONG 0x2ae DEFINED (__ReservedTrap5)?ABSOLUTE (__ReservedTrap5):ABSOLUTE (__DefaultInterrupt)
                  0x000010          0x4 LONG 0x2ae DEFINED (__ReservedTrap6)?ABSOLUTE (__ReservedTrap6):ABSOLUTE (__DefaultInterrupt)
                  0x000012          0x4 LONG 0x2ae DEFINED (__ReservedTrap7)?ABSOLUTE (__ReservedTrap7):ABSOLUTE (__DefaultInterrupt)
                  0x000014          0x4 LONG 0x2ae DEFINED (__INT0Interrupt)?ABSOLUTE (__INT0Interrupt):ABSOLUTE (__DefaultInterrupt)
                  0x000016          0x4 LONG 0x2ae DEFINED (__CCP1Interrupt)?ABSOLUTE (__CCP1Interrupt):ABSOLUTE (__DefaultInterrupt)
                  0x000018          0x4 LONG 0x2ae DEFINED (__CCP2Interrupt)?ABSOLUTE (__CCP2Interrupt):ABSOLUTE (__DefaultInterrupt)
                  0x00001a          0x4 LONG 0x2ae DEFINED (__T1Interrupt)?ABSOLUTE (__T1Interrupt):ABSOLUTE (__DefaultInterrupt)
                  0x00001c          0x4 LONG 0x2ae DEFINED (__Interrupt4)?ABSOLUTE (__Interrupt4):ABSOLUTE (__DefaultInterrupt)
                  0x00001e          0x4 LONG 0x2ae DEFINED (__CCP3Interrupt)?ABSOLUTE (__CCP3Interrupt):ABSOLUTE (__DefaultInterrupt)
                  0x000020          0x4 LONG 0x2ae DEFINED (__CCP4Interrupt)?ABSOLUTE (__CCP4Interrupt):ABSOLUTE (__DefaultInterrupt)
                  0x000022          0x4 LONG 0x2ae DEFINED (__CCT1Interrupt)?ABSOLUTE (__CCT1Interrupt):ABSOLUTE (__DefaultInterrupt)
                  0x000024          0x4 LONG 0x2ae DEFINED (__CCT2Interrupt)?ABSOLUTE (__CCT2Interrupt):ABSOLUTE (__DefaultInterrupt)
                  0x000026          0x4 LONG 0x2ae DEFINED (__Interrupt9)?ABSOLUTE (__Interrupt9):ABSOLUTE (__DefaultInterrupt)
                  0x000028          0x4 LONG 0x2ae DEFINED (__Interrupt10)?ABSOLUTE (__Interrupt10):ABSOLUTE (__DefaultInterrupt)
                  0x00002a          0x4 LONG 0x1ca6 DEFINED (__U1RXInterrupt)?ABSOLUTE (__U1RXInterrupt):ABSOLUTE (__DefaultInterrupt)
                  0x00002c          0x4 LONG 0x1c5e DEFINED (__U1TXInterrupt)?ABSOLUTE (__U1TXInterrupt):ABSOLUTE (__DefaultInterrupt)
                  0x00002e          0x4 LONG 0x2ae DEFINED (__ADC1Interrupt)?ABSOLUTE (__ADC1Interrupt):ABSOLUTE (__DefaultInterrupt)
                  0x000030          0x4 LONG 0x2ae DEFINED (__Interrupt14)?ABSOLUTE (__Interrupt14):ABSOLUTE (__DefaultInterrupt)
                  0x000032          0x4 LONG 0x2ae DEFINED (__NVMInterrupt)?ABSOLUTE (__NVMInterrupt):ABSOLUTE (__DefaultInterrupt)
                  0x000034          0x4 LONG 0x2ae DEFINED (__MSSP1Interrupt)?ABSOLUTE (__MSSP1Interrupt):ABSOLUTE (__DefaultInterrupt)
                  0x000036          0x4 LONG 0x2ae DEFINED (__MSSP1BCInterrupt)?ABSOLUTE (__MSSP1BCInterrupt):ABSOLUTE (__DefaultInterrupt)
                  0x000038          0x4 LONG 0x2ae DEFINED (__CompInterrupt)?ABSOLUTE (__CompInterrupt):ABSOLUTE (__DefaultInterrupt)
                  0x00003a          0x4 LONG 0x2ae DEFINED (__CNInterrupt)?ABSOLUTE (__CNInterrupt):ABSOLUTE (__DefaultInterrupt)
                  0x00003c          0x4 LONG 0x2ae DEFINED (__INT1Interrupt)?ABSOLUTE (__INT1Interrupt):ABSOLUTE (__DefaultInterrupt)
                  0x00003e          0x4 LONG 0x2ae DEFINED (__Interrupt21)?ABSOLUTE (__Interrupt21):ABSOLUTE (__DefaultInterrupt)
                  0x000040          0x4 LONG 0x2ae DEFINED (__CCP5Interrupt)?ABSOLUTE (__CCP5Interrupt):ABSOLUTE (__DefaultInterrupt)
                  0x000042          0x4 LONG 0x2ae DEFINED (__Interrupt23)?ABSOLUTE (__Interrupt23):ABSOLUTE (__DefaultInterrupt)
                  0x000044          0x4 LONG 0x2ae DEFINED (__Interrupt24)?ABSOLUTE (__Interrupt24):ABSOLUTE (__DefaultInterrupt)
                  0x000046          0x4 LONG 0x2ae DEFINED (__Interrupt25)?ABSOLUTE (__Interrupt25):ABSOLUTE (__DefaultInterrupt)
                  0x000048          0x4 LONG 0x2ae DEFINED (__Interrupt26)?ABSOLUTE (__Interrupt26):ABSOLUTE (__DefaultInterrupt)
                  0x00004a          0x4 LONG 0x2ae DEFINED (__CCT3Interrupt)?ABSOLUTE (__CCT3Interrupt):ABSOLUTE (__DefaultInterrupt)
                  0x00004c          0x4 LONG 0x2ae DEFINED (__CCT4Interrupt)?ABSOLUTE (__CCT4Interrupt):ABSOLUTE (__DefaultInterrupt)
                  0x00004e          0x4 LONG 0x2ae DEFINED (__INT2Interrupt)?ABSOLUTE (__INT2Interrupt):ABSOLUTE (__DefaultInterrupt)
                  0x000050          0x4 LONG 0x2ae DEFINED (__U2RXInterrupt)?ABSOLUTE (__U2RXInterrupt):ABSOLUTE (__DefaultInterrupt)
                  0x000052          0x4 LONG 0x2ae DEFINED (__U2TXInterrupt)?ABSOLUTE (__U2TXInterrupt):ABSOLUTE (__DefaultInterrupt)
                  0x000054          0x4 LONG 0x2ae DEFINED (__Interrupt32)?ABSOLUTE (__Interrupt32):ABSOLUTE (__DefaultInterrupt)
                  0x000056          0x4 LONG 0x2ae DEFINED (__Interrupt33)?ABSOLUTE (__Interrupt33):ABSOLUTE (__DefaultInterrupt)
                  0x000058          0x4 LONG 0x2ae DEFINED (__Interrupt34)?ABSOLUTE (__Interrupt34):ABSOLUTE (__DefaultInterrupt)
                  0x00005a          0x4 LONG 0x2ae DEFINED (__Interrupt35)?ABSOLUTE (__Interrupt35):ABSOLUTE (__DefaultInterrupt)
                  0x00005c          0x4 LONG 0x2ae DEFINED (__Interrupt36)?ABSOLUTE (__Interrupt36):ABSOLUTE (__DefaultInterrupt)
                  0x00005e          0x4 LONG 0x2ae DEFINED (__Interrupt37)?ABSOLUTE (__Interrupt37):ABSOLUTE (__DefaultInterrupt)
                  0x000060          0x4 LONG 0x2ae DEFINED (__Interrupt38)?ABSOLUTE (__Interrupt38):ABSOLUTE (__DefaultInterrupt)
                  0x000062          0x4 LONG 0x2ae DEFINED (__Interrupt39)?ABSOLUTE (__Interrupt39):ABSOLUTE (__DefaultInterrupt)
                  0x000064          0x4 LONG 0x2ae DEFINED (__Interrupt40)?ABSOLUTE (__Interrupt40):ABSOLUTE (__DefaultInterrupt)
                  0x000066          0x4 LONG 0x2ae DEFINED (__CCT5Interrupt)?ABSOLUTE (__CCT5Interrupt):ABSOLUTE (__DefaultInterrupt)
                  0x000068          0x4 LONG 0x2ae DEFINED (__Interrupt42)?ABSOLUTE (__Interrupt42):ABSOLUTE (__DefaultInterrupt)
                  0x00006a          0x4 LONG 0x2ae DEFINED (__Interrupt43)?ABSOLUTE (__Interrupt43):ABSOLUTE (__DefaultInterrupt)
                  0x00006c          0x4 LONG 0x2ae DEFINED (__Interrupt44)?ABSOLUTE (__Interrupt44):ABSOLUTE (__DefaultInterrupt)
                  0x00006e          0x4 LONG 0x2ae DEFINED (__Interrupt45)?ABSOLUTE (__Interrupt45):ABSOLUTE (__DefaultInterrupt)
                  0x000070          0x4 LONG 0x2ae DEFINED (__Interrupt46)?ABSOLUTE (__Interrupt46):ABSOLUTE (__DefaultInterrupt)
                  0x000072          0x4 LONG 0x2ae DEFINED (__Interrupt47)?ABSOLUTE (__Interrupt47):ABSOLUTE (__DefaultInterrupt)
                  0x000074          0x4 LONG 0x2ae DEFINED (__Interrupt48)?ABSOLUTE (__Interrupt48):ABSOLUTE (__DefaultInterrupt)
                  0x000076          0x4 LONG 0x2ae DEFINED (__MSSP2Interrupt)?ABSOLUTE (__MSSP2Interrupt):ABSOLUTE (__DefaultInterrupt)
                  0x000078          0x4 LONG 0x2ae DEFINED (__MSSP2BCInterrupt)?ABSOLUTE (__MSSP2BCInterrupt):ABSOLUTE (__DefaultInterrupt)
                  0x00007a          0x4 LONG 0x2ae DEFINED (__Interrupt51)?ABSOLUTE (__Interrupt51):ABSOLUTE (__DefaultInterrupt)
                  0x00007c          0x4 LONG 0x2ae DEFINED (__Interrupt52)?ABSOLUTE (__Interrupt52):ABSOLUTE (__DefaultInterrupt)
                  0x00007e          0x4 LONG 0x2ae DEFINED (__Interrupt53)?ABSOLUTE (__Interrupt53):ABSOLUTE (__DefaultInterrupt)
                  0x000080          0x4 LONG 0x2ae DEFINED (__Interrupt54)?ABSOLUTE (__Interrupt54):ABSOLUTE (__DefaultInterrupt)
                  0x000082          0x4 LONG 0x2ae DEFINED (__Interrupt55)?ABSOLUTE (__Interrupt55):ABSOLUTE (__DefaultInterrupt)
                  0x000084          0x4 LONG 0x2ae DEFINED (__Interrupt56)?ABSOLUTE (__Interrupt56):ABSOLUTE (__DefaultInterrupt)
                  0x000086          0x4 LONG 0x2ae DEFINED (__Interrupt57)?ABSOLUTE (__Interrupt57):ABSOLUTE (__DefaultInterrupt)
                  0x000088          0x4 LONG 0x2ae DEFINED (__Interrupt58)?ABSOLUTE (__Interrupt58):ABSOLUTE (__DefaultInterrupt)
                  0x00008a          0x4 LONG 0x2ae DEFINED (__Interrupt59)?ABSOLUTE (__Interrupt59):ABSOLUTE (__DefaultInterrupt)
                  0x00008c          0x4 LONG 0x2ae DEFINED (__Interrupt60)?ABSOLUTE (__Interrupt60):ABSOLUTE (__DefaultInterrupt)
                  0x00008e          0x4 LONG 0x2ae DEFINED (__Interrupt61)?ABSOLUTE (__Interrupt61):ABSOLUTE (__DefaultInterrupt)
                  0x000090          0x4 LONG 0x2ae DEFINED (__RTCCInterrupt)?ABSOLUTE (__RTCCInterrupt):ABSOLUTE (__DefaultInterrupt)
                  0x000092          0x4 LONG 0x2ae DEFINED (__Interrupt63)?ABSOLUTE (__Interrupt63):ABSOLUTE (__DefaultInterrupt)
                  0x000094          0x4 LONG 0x2ae DEFINED (__Interrupt64)?ABSOLUTE (__Interrupt64):ABSOLUTE (__DefaultInterrupt)
                  0x000096          0x4 LONG 0x2ae DEFINED (__U1ErrInterrupt)?ABSOLUTE (__U1ErrInterrupt):ABSOLUTE (__DefaultInterrupt)
                  0x000098          0x4 LONG 0x2ae DEFINED (__U2ErrInterrupt)?ABSOLUTE (__U2ErrInterrupt):ABSOLUTE (__DefaultInterrupt)
                  0x00009a          0x4 LONG 0x2ae DEFINED (__Interrupt67)?ABSOLUTE (__Interrupt67):ABSOLUTE (__DefaultInterrupt)
                  0x00009c          0x4 LONG 0x2ae DEFINED (__Interrupt68)?ABSOLUTE (__Interrupt68):ABSOLUTE (__DefaultInterrupt)
                  0x00009e          0x4 LONG 0x2ae DEFINED (__Interrupt69)?ABSOLUTE (__Interrupt69):ABSOLUTE (__DefaultInterrupt)
                  0x0000a0          0x4 LONG 0x2ae DEFINED (__Interrupt70)?ABSOLUTE (__Interrupt70):ABSOLUTE (__DefaultInterrupt)
                  0x0000a2          0x4 LONG 0x2ae DEFINED (__Interrupt71)?ABSOLUTE (__Interrupt71):ABSOLUTE (__DefaultInterrupt)
                  0x0000a4          0x4 LONG 0x2ae DEFINED (__HLVDInterrupt)?ABSOLUTE (__HLVDInterrupt):ABSOLUTE (__DefaultInterrupt)
                  0x0000a6          0x4 LONG 0x2ae DEFINED (__Interrupt73)?ABSOLUTE (__Interrupt73):ABSOLUTE (__DefaultInterrupt)
                  0x0000a8          0x4 LONG 0x2ae DEFINED (__Interrupt74)?ABSOLUTE (__Interrupt74):ABSOLUTE (__DefaultInterrupt)
                  0x0000aa          0x4 LONG 0x2ae DEFINED (__Interrupt75)?ABSOLUTE (__Interrupt75):ABSOLUTE (__DefaultInterrupt)
                  0x0000ac          0x4 LONG 0x2ae DEFINED (__Interrupt76)?ABSOLUTE (__Interrupt76):ABSOLUTE (__DefaultInterrupt)
                  0x0000ae          0x4 LONG 0x2ae DEFINED (__CTMUInterrupt)?ABSOLUTE (__CTMUInterrupt):ABSOLUTE (__DefaultInterrupt)
                  0x0000b0          0x4 LONG 0x2ae DEFINED (__DAC1Interrupt)?ABSOLUTE (__DAC1Interrupt):ABSOLUTE (__DefaultInterrupt)
                  0x0000b2          0x4 LONG 0x2ae DEFINED (__DAC2Interrupt)?ABSOLUTE (__DAC2Interrupt):ABSOLUTE (__DefaultInterrupt)
                  0x0000b4          0x4 LONG 0x2ae DEFINED (__ULPWUInterrupt)?ABSOLUTE (__ULPWUInterrupt):ABSOLUTE (__DefaultInterrupt)
                  0x0000b6          0x4 LONG 0x2ae DEFINED (__Interrupt81)?ABSOLUTE (__Interrupt81):ABSOLUTE (__DefaultInterrupt)
                  0x0000b8          0x4 LONG 0x2ae DEFINED (__Interrupt82)?ABSOLUTE (__Interrupt82):ABSOLUTE (__DefaultInterrupt)
                  0x0000ba          0x4 LONG 0x2ae DEFINED (__Interrupt83)?ABSOLUTE (__Interrupt83):ABSOLUTE (__DefaultInterrupt)
                  0x0000bc          0x4 LONG 0x2ae DEFINED (__Interrupt84)?ABSOLUTE (__Interrupt84):ABSOLUTE (__DefaultInterrupt)
                  0x0000be          0x4 LONG 0x2ae DEFINED (__Interrupt85)?ABSOLUTE (__Interrupt85):ABSOLUTE (__DefaultInterrupt)
                  0x0000c0          0x4 LONG 0x2ae DEFINED (__Interrupt86)?ABSOLUTE (__Interrupt86):ABSOLUTE (__DefaultInterrupt)
                  0x0000c2          0x4 LONG 0x2ae DEFINED (__Interrupt87)?ABSOLUTE (__Interrupt87):ABSOLUTE (__DefaultInterrupt)
                  0x0000c4          0x4 LONG 0x2ae DEFINED (__Interrupt88)?ABSOLUTE (__Interrupt88):ABSOLUTE (__DefaultInterrupt)
                  0x0000c6          0x4 LONG 0x2ae DEFINED (__Interrupt89)?ABSOLUTE (__Interrupt89):ABSOLUTE (__DefaultInterrupt)
                  0x0000c8          0x4 LONG 0x2ae DEFINED (__Interrupt90)?ABSOLUTE (__Interrupt90):ABSOLUTE (__DefaultInterrupt)
                  0x0000ca          0x4 LONG 0x2ae DEFINED (__Interrupt91)?ABSOLUTE (__Interrupt91):ABSOLUTE (__DefaultInterrupt)
                  0x0000cc          0x4 LONG 0x2ae DEFINED (__Interrupt92)?ABSOLUTE (__Interrupt92):ABSOLUTE (__DefaultInterrupt)
                  0x0000ce          0x4 LONG 0x2ae DEFINED (__Interrupt93)?ABSOLUTE (__Interrupt93):ABSOLUTE (__DefaultInterrupt)
                  0x0000d0          0x4 LONG 0x2ae DEFINED (__Interrupt94)?ABSOLUTE (__Interrupt94):ABSOLUTE (__DefaultInterrupt)
                  0x0000d2          0x4 LONG 0x2ae DEFINED (__Interrupt95)?ABSOLUTE (__Interrupt95):ABSOLUTE (__DefaultInterrupt)
                  0x0000d4          0x4 LONG 0x2ae DEFINED (__CLC1Interrupt)?ABSOLUTE (__CLC1Interrupt):ABSOLUTE (__DefaultInterrupt)
                  0x0000d6          0x4 LONG 0x2ae DEFINED (__CLC2Interrupt)?ABSOLUTE (__CLC2Interrupt):ABSOLUTE (__DefaultInterrupt)
                  0x0000d8          0x4 LONG 0x2ae DEFINED (__Interrupt98)?ABSOLUTE (__Interrupt98):ABSOLUTE (__DefaultInterrupt)
                  0x0000da          0x4 LONG 0x2ae DEFINED (__Interrupt99)?ABSOLUTE (__Interrupt99):ABSOLUTE (__DefaultInterrupt)
                  0x0000dc          0x4 LONG 0x2ae DEFINED (__Interrupt100)?ABSOLUTE (__Interrupt100):ABSOLUTE (__DefaultInterrupt)
                  0x0000de          0x4 LONG 0x2ae DEFINED (__Interrupt101)?ABSOLUTE (__Interrupt101):ABSOLUTE (__DefaultInterrupt)
                  0x0000e0          0x4 LONG 0x2ae DEFINED (__Interrupt102)?ABSOLUTE (__Interrupt102):ABSOLUTE (__DefaultInterrupt)
                  0x0000e2          0x4 LONG 0x2ae DEFINED (__Interrupt103)?ABSOLUTE (__Interrupt103):ABSOLUTE (__DefaultInterrupt)
                  0x0000e4          0x4 LONG 0x2ae DEFINED (__Interrupt104)?ABSOLUTE (__Interrupt104):ABSOLUTE (__DefaultInterrupt)
                  0x0000e6          0x4 LONG 0x2ae DEFINED (__Interrupt105)?ABSOLUTE (__Interrupt105):ABSOLUTE (__DefaultInterrupt)
                  0x0000e8          0x4 LONG 0x2ae DEFINED (__Interrupt106)?ABSOLUTE (__Interrupt106):ABSOLUTE (__DefaultInterrupt)
                  0x0000ea          0x4 LONG 0x2ae DEFINED (__Interrupt107)?ABSOLUTE (__Interrupt107):ABSOLUTE (__DefaultInterrupt)
                  0x0000ec          0x4 LONG 0x2ae DEFINED (__Interrupt108)?ABSOLUTE (__Interrupt108):ABSOLUTE (__DefaultInterrupt)
                  0x0000ee          0x4 LONG 0x2ae DEFINED (__Interrupt109)?ABSOLUTE (__Interrupt109):ABSOLUTE (__DefaultInterrupt)
                  0x0000f0          0x4 LONG 0x2ae DEFINED (__Interrupt110)?ABSOLUTE (__Interrupt110):ABSOLUTE (__DefaultInterrupt)
                  0x0000f2          0x4 LONG 0x2ae DEFINED (__Interrupt111)?ABSOLUTE (__Interrupt111):ABSOLUTE (__DefaultInterrupt)
                  0x0000f4          0x4 LONG 0x2ae DEFINED (__Interrupt112)?ABSOLUTE (__Interrupt112):ABSOLUTE (__DefaultInterrupt)
                  0x0000f6          0x4 LONG 0x2ae DEFINED (__Interrupt113)?ABSOLUTE (__Interrupt113):ABSOLUTE (__DefaultInterrupt)
                  0x0000f8          0x4 LONG 0x2ae DEFINED (__Interrupt114)?ABSOLUTE (__Interrupt114):ABSOLUTE (__DefaultInterrupt)
                  0x0000fa          0x4 LONG 0x2ae DEFINED (__Interrupt115)?ABSOLUTE (__Interrupt115):ABSOLUTE (__DefaultInterrupt)
                  0x0000fc          0x4 LONG 0x2ae DEFINED (__Interrupt116)?ABSOLUTE (__Interrupt116):ABSOLUTE (__DefaultInterrupt)
                  0x0000fe          0x4 LONG 0x2ae DEFINED (__Interrupt117)?ABSOLUTE (__Interrupt117):ABSOLUTE (__DefaultInterrupt)

.aivt             0x000104         0xfc
                  0x000104          0x4 LONG 0x2ae DEFINED (__AltReservedTrap0)?ABSOLUTE (__AltReservedTrap0):DEFINED (__ReservedTrap0)?ABSOLUTE (__ReservedTrap0):ABSOLUTE (__DefaultInterrupt)
                  0x000106          0x4 LONG 0x2ae DEFINED (__AltOscillatorFail)?ABSOLUTE (__AltOscillatorFail):DEFINED (__OscillatorFail)?ABSOLUTE (__OscillatorFail):ABSOLUTE (__DefaultInterrupt)
                  0x000108          0x4 LONG 0x2ae DEFINED (__AltAddressError)?ABSOLUTE (__AltAddressError):DEFINED (__AddressError)?ABSOLUTE (__AddressError):ABSOLUTE (__DefaultInterrupt)
                  0x00010a          0x4 LONG 0x2ae DEFINED (__AltStackError)?ABSOLUTE (__AltStackError):DEFINED (__StackError)?ABSOLUTE (__StackError):ABSOLUTE (__DefaultInterrupt)
                  0x00010c          0x4 LONG 0x2ae DEFINED (__AltMathError)?ABSOLUTE (__AltMathError):DEFINED (__MathError)?ABSOLUTE (__MathError):ABSOLUTE (__DefaultInterrupt)
                  0x00010e          0x4 LONG 0x2ae DEFINED (__AltReservedTrap5)?ABSOLUTE (__AltReservedTrap5):DEFINED (__ReservedTrap5)?ABSOLUTE (__ReservedTrap5):ABSOLUTE (__DefaultInterrupt)
                  0x000110          0x4 LONG 0x2ae DEFINED (__AltReservedTrap6)?ABSOLUTE (__AltReservedTrap6):DEFINED (__ReservedTrap6)?ABSOLUTE (__ReservedTrap6):ABSOLUTE (__DefaultInterrupt)
                  0x000112          0x4 LONG 0x2ae DEFINED (__AltReservedTrap7)?ABSOLUTE (__AltReservedTrap7):DEFINED (__ReservedTrap7)?ABSOLUTE (__ReservedTrap7):ABSOLUTE (__DefaultInterrupt)
                  0x000114          0x4 LONG 0x2ae DEFINED (__AltINT0Interrupt)?ABSOLUTE (__AltINT0Interrupt):DEFINED (__INT0Interrupt)?ABSOLUTE (__INT0Interrupt):ABSOLUTE (__DefaultInterrupt)
                  0x000116          0x4 LONG 0x2ae DEFINED (__AltCCP1Interrupt)?ABSOLUTE (__AltCCP1Interrupt):DEFINED (__CCP1Interrupt)?ABSOLUTE (__CCP1Interrupt):ABSOLUTE (__DefaultInterrupt)
                  0x000118          0x4 LONG 0x2ae DEFINED (__AltCCP2Interrupt)?ABSOLUTE (__AltCCP2Interrupt):DEFINED (__CCP2Interrupt)?ABSOLUTE (__CCP2Interrupt):ABSOLUTE (__DefaultInterrupt)
                  0x00011a          0x4 LONG 0x2ae DEFINED (__AltT1Interrupt)?ABSOLUTE (__AltT1Interrupt):DEFINED (__T1Interrupt)?ABSOLUTE (__T1Interrupt):ABSOLUTE (__DefaultInterrupt)
                  0x00011c          0x4 LONG 0x2ae DEFINED (__AltInterrupt4)?ABSOLUTE (__AltInterrupt4):DEFINED (__Interrupt4)?ABSOLUTE (__Interrupt4):ABSOLUTE (__DefaultInterrupt)
                  0x00011e          0x4 LONG 0x2ae DEFINED (__AltCCP3Interrupt)?ABSOLUTE (__AltCCP3Interrupt):DEFINED (__CCP3Interrupt)?ABSOLUTE (__CCP3Interrupt):ABSOLUTE (__DefaultInterrupt)
                  0x000120          0x4 LONG 0x2ae DEFINED (__AltCCP4Interrupt)?ABSOLUTE (__AltCCP4Interrupt):DEFINED (__CCP4Interrupt)?ABSOLUTE (__CCP4Interrupt):ABSOLUTE (__DefaultInterrupt)
                  0x000122          0x4 LONG 0x2ae DEFINED (__AltCCT1Interrupt)?ABSOLUTE (__AltCCT1Interrupt):DEFINED (__CCT1Interrupt)?ABSOLUTE (__CCT1Interrupt):ABSOLUTE (__DefaultInterrupt)
                  0x000124          0x4 LONG 0x2ae DEFINED (__AltCCT2Interrupt)?ABSOLUTE (__AltCCT2Interrupt):DEFINED (__CCT2Interrupt)?ABSOLUTE (__CCT2Interrupt):ABSOLUTE (__DefaultInterrupt)
                  0x000126          0x4 LONG 0x2ae DEFINED (__AltInterrupt9)?ABSOLUTE (__AltInterrupt9):DEFINED (__Interrupt9)?ABSOLUTE (__Interrupt9):ABSOLUTE (__DefaultInterrupt)
                  0x000128          0x4 LONG 0x2ae DEFINED (__AltInterrupt10)?ABSOLUTE (__AltInterrupt10):DEFINED (__Interrupt10)?ABSOLUTE (__Interrupt10):ABSOLUTE (__DefaultInterrupt)
                  0x00012a          0x4 LONG 0x1ca6 DEFINED (__AltU1RXInterrupt)?ABSOLUTE (__AltU1RXInterrupt):DEFINED (__U1RXInterrupt)?ABSOLUTE (__U1RXInterrupt):ABSOLUTE (__DefaultInterrupt)
                  0x00012c          0x4 LONG 0x1c5e DEFINED (__AltU1TXInterrupt)?ABSOLUTE (__AltU1TXInterrupt):DEFINED (__U1TXInterrupt)?ABSOLUTE (__U1TXInterrupt):ABSOLUTE (__DefaultInterrupt)
                  0x00012e          0x4 LONG 0x2ae DEFINED (__AltADC1Interrupt)?ABSOLUTE (__AltADC1Interrupt):DEFINED (__ADC1Interrupt)?ABSOLUTE (__ADC1Interrupt):ABSOLUTE (__DefaultInterrupt)
                  0x000130          0x4 LONG 0x2ae DEFINED (__AltInterrupt14)?ABSOLUTE (__AltInterrupt14):DEFINED (__Interrupt14)?ABSOLUTE (__Interrupt14):ABSOLUTE (__DefaultInterrupt)
                  0x000132          0x4 LONG 0x2ae DEFINED (__AltNVMInterrupt)?ABSOLUTE (__AltNVMInterrupt):DEFINED (__NVMInterrupt)?ABSOLUTE (__NVMInterrupt):ABSOLUTE (__DefaultInterrupt)
                  0x000134          0x4 LONG 0x2ae DEFINED (__AltMSSP1Interrupt)?ABSOLUTE (__AltMSSP1Interrupt):DEFINED (__MSSP1Interrupt)?ABSOLUTE (__MSSP1Interrupt):ABSOLUTE (__DefaultInterrupt)
                  0x000136          0x4 LONG 0x2ae DEFINED (__AltMSSP1BCInterrupt)?ABSOLUTE (__AltMSSP1BCInterrupt):DEFINED (__MSSP1BCInterrupt)?ABSOLUTE (__MSSP1BCInterrupt):ABSOLUTE (__DefaultInterrupt)
                  0x000138          0x4 LONG 0x2ae DEFINED (__AltCompInterrupt)?ABSOLUTE (__AltCompInterrupt):DEFINED (__CompInterrupt)?ABSOLUTE (__CompInterrupt):ABSOLUTE (__DefaultInterrupt)
                  0x00013a          0x4 LONG 0x2ae DEFINED (__AltCNInterrupt)?ABSOLUTE (__AltCNInterrupt):DEFINED (__CNInterrupt)?ABSOLUTE (__CNInterrupt):ABSOLUTE (__DefaultInterrupt)
                  0x00013c          0x4 LONG 0x2ae DEFINED (__AltINT1Interrupt)?ABSOLUTE (__AltINT1Interrupt):DEFINED (__INT1Interrupt)?ABSOLUTE (__INT1Interrupt):ABSOLUTE (__DefaultInterrupt)
                  0x00013e          0x4 LONG 0x2ae DEFINED (__AltInterrupt21)?ABSOLUTE (__AltInterrupt21):DEFINED (__Interrupt21)?ABSOLUTE (__Interrupt21):ABSOLUTE (__DefaultInterrupt)
                  0x000140          0x4 LONG 0x2ae DEFINED (__AltCCP5Interrupt)?ABSOLUTE (__AltCCP5Interrupt):DEFINED (__CCP5Interrupt)?ABSOLUTE (__CCP5Interrupt):ABSOLUTE (__DefaultInterrupt)
                  0x000142          0x4 LONG 0x2ae DEFINED (__AltInterrupt23)?ABSOLUTE (__AltInterrupt23):DEFINED (__Interrupt23)?ABSOLUTE (__Interrupt23):ABSOLUTE (__DefaultInterrupt)
                  0x000144          0x4 LONG 0x2ae DEFINED (__AltInterrupt24)?ABSOLUTE (__AltInterrupt24):DEFINED (__Interrupt24)?ABSOLUTE (__Interrupt24):ABSOLUTE (__DefaultInterrupt)
                  0x000146          0x4 LONG 0x2ae DEFINED (__AltInterrupt25)?ABSOLUTE (__AltInterrupt25):DEFINED (__Interrupt25)?ABSOLUTE (__Interrupt25):ABSOLUTE (__DefaultInterrupt)
                  0x000148          0x4 LONG 0x2ae DEFINED (__AltInterrupt26)?ABSOLUTE (__AltInterrupt26):DEFINED (__Interrupt26)?ABSOLUTE (__Interrupt26):ABSOLUTE (__DefaultInterrupt)
                  0x00014a          0x4 LONG 0x2ae DEFINED (__AltCCT3Interrupt)?ABSOLUTE (__AltCCT3Interrupt):DEFINED (__CCT3Interrupt)?ABSOLUTE (__CCT3Interrupt):ABSOLUTE (__DefaultInterrupt)
                  0x00014c          0x4 LONG 0x2ae DEFINED (__AltCCT4Interrupt)?ABSOLUTE (__AltCCT4Interrupt):DEFINED (__CCT4Interrupt)?ABSOLUTE (__CCT4Interrupt):ABSOLUTE (__DefaultInterrupt)
                  0x00014e          0x4 LONG 0x2ae DEFINED (__AltINT2Interrupt)?ABSOLUTE (__AltINT2Interrupt):DEFINED (__INT2Interrupt)?ABSOLUTE (__INT2Interrupt):ABSOLUTE (__DefaultInterrupt)
                  0x000150          0x4 LONG 0x2ae DEFINED (__AltU2RXInterrupt)?ABSOLUTE (__AltU2RXInterrupt):DEFINED (__U2RXInterrupt)?ABSOLUTE (__U2RXInterrupt):ABSOLUTE (__DefaultInterrupt)
                  0x000152          0x4 LONG 0x2ae DEFINED (__AltU2TXInterrupt)?ABSOLUTE (__AltU2TXInterrupt):DEFINED (__U2TXInterrupt)?ABSOLUTE (__U2TXInterrupt):ABSOLUTE (__DefaultInterrupt)
                  0x000154          0x4 LONG 0x2ae DEFINED (__AltInterrupt32)?ABSOLUTE (__AltInterrupt32):DEFINED (__Interrupt32)?ABSOLUTE (__Interrupt32):ABSOLUTE (__DefaultInterrupt)
                  0x000156          0x4 LONG 0x2ae DEFINED (__AltInterrupt33)?ABSOLUTE (__AltInterrupt33):DEFINED (__Interrupt33)?ABSOLUTE (__Interrupt33):ABSOLUTE (__DefaultInterrupt)
                  0x000158          0x4 LONG 0x2ae DEFINED (__AltInterrupt34)?ABSOLUTE (__AltInterrupt34):DEFINED (__Interrupt34)?ABSOLUTE (__Interrupt34):ABSOLUTE (__DefaultInterrupt)
                  0x00015a          0x4 LONG 0x2ae DEFINED (__AltInterrupt35)?ABSOLUTE (__AltInterrupt35):DEFINED (__Interrupt35)?ABSOLUTE (__Interrupt35):ABSOLUTE (__DefaultInterrupt)
                  0x00015c          0x4 LONG 0x2ae DEFINED (__AltInterrupt36)?ABSOLUTE (__AltInterrupt36):DEFINED (__Interrupt36)?ABSOLUTE (__Interrupt36):ABSOLUTE (__DefaultInterrupt)
                  0x00015e          0x4 LONG 0x2ae DEFINED (__AltInterrupt37)?ABSOLUTE (__AltInterrupt37):DEFINED (__Interrupt37)?ABSOLUTE (__Interrupt37):ABSOLUTE (__DefaultInterrupt)
                  0x000160          0x4 LONG 0x2ae DEFINED (__AltInterrupt38)?ABSOLUTE (__AltInterrupt38):DEFINED (__Interrupt38)?ABSOLUTE (__Interrupt38):ABSOLUTE (__DefaultInterrupt)
                  0x000162          0x4 LONG 0x2ae DEFINED (__AltInterrupt39)?ABSOLUTE (__AltInterrupt39):DEFINED (__Interrupt39)?ABSOLUTE (__Interrupt39):ABSOLUTE (__DefaultInterrupt)
                  0x000164          0x4 LONG 0x2ae DEFINED (__AltInterrupt40)?ABSOLUTE (__AltInterrupt40):DEFINED (__Interrupt40)?ABSOLUTE (__Interrupt40):ABSOLUTE (__DefaultInterrupt)
                  0x000166          0x4 LONG 0x2ae DEFINED (__AltCCT5Interrupt)?ABSOLUTE (__AltCCT5Interrupt):DEFINED (__CCT5Interrupt)?ABSOLUTE (__CCT5Interrupt):ABSOLUTE (__DefaultInterrupt)
                  0x000168          0x4 LONG 0x2ae DEFINED (__AltInterrupt42)?ABSOLUTE (__AltInterrupt42):DEFINED (__Interrupt42)?ABSOLUTE (__Interrupt42):ABSOLUTE (__DefaultInterrupt)
                  0x00016a          0x4 LONG 0x2ae DEFINED (__AltInterrupt43)?ABSOLUTE (__AltInterrupt43):DEFINED (__Interrupt43)?ABSOLUTE (__Interrupt43):ABSOLUTE (__DefaultInterrupt)
                  0x00016c          0x4 LONG 0x2ae DEFINED (__AltInterrupt44)?ABSOLUTE (__AltInterrupt44):DEFINED (__Interrupt44)?ABSOLUTE (__Interrupt44):ABSOLUTE (__DefaultInterrupt)
                  0x00016e          0x4 LONG 0x2ae DEFINED (__AltInterrupt45)?ABSOLUTE (__AltInterrupt45):DEFINED (__Interrupt45)?ABSOLUTE (__Interrupt45):ABSOLUTE (__DefaultInterrupt)
                  0x000170          0x4 LONG 0x2ae DEFINED (__AltInterrupt46)?ABSOLUTE (__AltInterrupt46):DEFINED (__Interrupt46)?ABSOLUTE (__Interrupt46):ABSOLUTE (__DefaultInterrupt)
                  0x000172          0x4 LONG 0x2ae DEFINED (__AltInterrupt47)?ABSOLUTE (__AltInterrupt47):DEFINED (__Interrupt47)?ABSOLUTE (__Interrupt47):ABSOLUTE (__DefaultInterrupt)
                  0x000174          0x4 LONG 0x2ae DEFINED (__AltInterrupt48)?ABSOLUTE (__AltInterrupt48):DEFINED (__Interrupt48)?ABSOLUTE (__Interrupt48):ABSOLUTE (__DefaultInterrupt)
                  0x000176          0x4 LONG 0x2ae DEFINED (__AltMSSP2Interrupt)?ABSOLUTE (__AltMSSP2Interrupt):DEFINED (__MSSP2Interrupt)?ABSOLUTE (__MSSP2Interrupt):ABSOLUTE (__DefaultInterrupt)
                  0x000178          0x4 LONG 0x2ae DEFINED (__AltMSSP2BCInterrupt)?ABSOLUTE (__AltMSSP2BCInterrupt):DEFINED (__MSSP2BCInterrupt)?ABSOLUTE (__MSSP2BCInterrupt):ABSOLUTE (__DefaultInterrupt)
                  0x00017a          0x4 LONG 0x2ae DEFINED (__AltInterrupt51)?ABSOLUTE (__AltInterrupt51):DEFINED (__Interrupt51)?ABSOLUTE (__Interrupt51):ABSOLUTE (__DefaultInterrupt)
                  0x00017c          0x4 LONG 0x2ae DEFINED (__AltInterrupt52)?ABSOLUTE (__AltInterrupt52):DEFINED (__Interrupt52)?ABSOLUTE (__Interrupt52):ABSOLUTE (__DefaultInterrupt)
                  0x00017e          0x4 LONG 0x2ae DEFINED (__AltInterrupt53)?ABSOLUTE (__AltInterrupt53):DEFINED (__Interrupt53)?ABSOLUTE (__Interrupt53):ABSOLUTE (__DefaultInterrupt)
                  0x000180          0x4 LONG 0x2ae DEFINED (__AltInterrupt54)?ABSOLUTE (__AltInterrupt54):DEFINED (__Interrupt54)?ABSOLUTE (__Interrupt54):ABSOLUTE (__DefaultInterrupt)
                  0x000182          0x4 LONG 0x2ae DEFINED (__AltInterrupt55)?ABSOLUTE (__AltInterrupt55):DEFINED (__Interrupt55)?ABSOLUTE (__Interrupt55):ABSOLUTE (__DefaultInterrupt)
                  0x000184          0x4 LONG 0x2ae DEFINED (__AltInterrupt56)?ABSOLUTE (__AltInterrupt56):DEFINED (__Interrupt56)?ABSOLUTE (__Interrupt56):ABSOLUTE (__DefaultInterrupt)
                  0x000186          0x4 LONG 0x2ae DEFINED (__AltInterrupt57)?ABSOLUTE (__AltInterrupt57):DEFINED (__Interrupt57)?ABSOLUTE (__Interrupt57):ABSOLUTE (__DefaultInterrupt)
                  0x000188          0x4 LONG 0x2ae DEFINED (__AltInterrupt58)?ABSOLUTE (__AltInterrupt58):DEFINED (__Interrupt58)?ABSOLUTE (__Interrupt58):ABSOLUTE (__DefaultInterrupt)
                  0x00018a          0x4 LONG 0x2ae DEFINED (__AltInterrupt59)?ABSOLUTE (__AltInterrupt59):DEFINED (__Interrupt59)?ABSOLUTE (__Interrupt59):ABSOLUTE (__DefaultInterrupt)
                  0x00018c          0x4 LONG 0x2ae DEFINED (__AltInterrupt60)?ABSOLUTE (__AltInterrupt60):DEFINED (__Interrupt60)?ABSOLUTE (__Interrupt60):ABSOLUTE (__DefaultInterrupt)
                  0x00018e          0x4 LONG 0x2ae DEFINED (__AltInterrupt61)?ABSOLUTE (__AltInterrupt61):DEFINED (__Interrupt61)?ABSOLUTE (__Interrupt61):ABSOLUTE (__DefaultInterrupt)
                  0x000190          0x4 LONG 0x2ae DEFINED (__AltRTCCInterrupt)?ABSOLUTE (__AltRTCCInterrupt):DEFINED (__RTCCInterrupt)?ABSOLUTE (__RTCCInterrupt):ABSOLUTE (__DefaultInterrupt)
                  0x000192          0x4 LONG 0x2ae DEFINED (__AltInterrupt63)?ABSOLUTE (__AltInterrupt63):DEFINED (__Interrupt63)?ABSOLUTE (__Interrupt63):ABSOLUTE (__DefaultInterrupt)
                  0x000194          0x4 LONG 0x2ae DEFINED (__AltInterrupt64)?ABSOLUTE (__AltInterrupt64):DEFINED (__Interrupt64)?ABSOLUTE (__Interrupt64):ABSOLUTE (__DefaultInterrupt)
                  0x000196          0x4 LONG 0x2ae DEFINED (__AltU1ErrInterrupt)?ABSOLUTE (__AltU1ErrInterrupt):DEFINED (__U1ErrInterrupt)?ABSOLUTE (__U1ErrInterrupt):ABSOLUTE (__DefaultInterrupt)
                  0x000198          0x4 LONG 0x2ae DEFINED (__AltU2ErrInterrupt)?ABSOLUTE (__AltU2ErrInterrupt):DEFINED (__U2ErrInterrupt)?ABSOLUTE (__U2ErrInterrupt):ABSOLUTE (__DefaultInterrupt)
                  0x00019a          0x4 LONG 0x2ae DEFINED (__AltInterrupt67)?ABSOLUTE (__AltInterrupt67):DEFINED (__Interrupt67)?ABSOLUTE (__Interrupt67):ABSOLUTE (__DefaultInterrupt)
                  0x00019c          0x4 LONG 0x2ae DEFINED (__AltInterrupt68)?ABSOLUTE (__AltInterrupt68):DEFINED (__Interrupt68)?ABSOLUTE (__Interrupt68):ABSOLUTE (__DefaultInterrupt)
                  0x00019e          0x4 LONG 0x2ae DEFINED (__AltInterrupt69)?ABSOLUTE (__AltInterrupt69):DEFINED (__Interrupt69)?ABSOLUTE (__Interrupt69):ABSOLUTE (__DefaultInterrupt)
                  0x0001a0          0x4 LONG 0x2ae DEFINED (__AltInterrupt70)?ABSOLUTE (__AltInterrupt70):DEFINED (__Interrupt70)?ABSOLUTE (__Interrupt70):ABSOLUTE (__DefaultInterrupt)
                  0x0001a2          0x4 LONG 0x2ae DEFINED (__AltInterrupt71)?ABSOLUTE (__AltInterrupt71):DEFINED (__Interrupt71)?ABSOLUTE (__Interrupt71):ABSOLUTE (__DefaultInterrupt)
                  0x0001a4          0x4 LONG 0x2ae DEFINED (__AltHLVDInterrupt)?ABSOLUTE (__AltHLVDInterrupt):DEFINED (__HLVDInterrupt)?ABSOLUTE (__HLVDInterrupt):ABSOLUTE (__DefaultInterrupt)
                  0x0001a6          0x4 LONG 0x2ae DEFINED (__AltInterrupt73)?ABSOLUTE (__AltInterrupt73):DEFINED (__Interrupt73)?ABSOLUTE (__Interrupt73):ABSOLUTE (__DefaultInterrupt)
                  0x0001a8          0x4 LONG 0x2ae DEFINED (__AltInterrupt74)?ABSOLUTE (__AltInterrupt74):DEFINED (__Interrupt74)?ABSOLUTE (__Interrupt74):ABSOLUTE (__DefaultInterrupt)
                  0x0001aa          0x4 LONG 0x2ae DEFINED (__AltInterrupt75)?ABSOLUTE (__AltInterrupt75):DEFINED (__Interrupt75)?ABSOLUTE (__Interrupt75):ABSOLUTE (__DefaultInterrupt)
                  0x0001ac          0x4 LONG 0x2ae DEFINED (__AltInterrupt76)?ABSOLUTE (__AltInterrupt76):DEFINED (__Interrupt76)?ABSOLUTE (__Interrupt76):ABSOLUTE (__DefaultInterrupt)
                  0x0001ae          0x4 LONG 0x2ae DEFINED (__AltCTMUInterrupt)?ABSOLUTE (__AltCTMUInterrupt):DEFINED (__CTMUInterrupt)?ABSOLUTE (__CTMUInterrupt):ABSOLUTE (__DefaultInterrupt)
                  0x0001b0          0x4 LONG 0x2ae DEFINED (__AltDAC1Interrupt)?ABSOLUTE (__AltDAC1Interrupt):DEFINED (__DAC1Interrupt)?ABSOLUTE (__DAC1Interrupt):ABSOLUTE (__DefaultInterrupt)
                  0x0001b2          0x4 LONG 0x2ae DEFINED (__AltDAC2Interrupt)?ABSOLUTE (__AltDAC2Interrupt):DEFINED (__DAC2Interrupt)?ABSOLUTE (__DAC2Interrupt):ABSOLUTE (__DefaultInterrupt)
                  0x0001b4          0x4 LONG 0x2ae DEFINED (__AltULPWUInterrupt)?ABSOLUTE (__AltULPWUInterrupt):DEFINED (__ULPWUInterrupt)?ABSOLUTE (__ULPWUInterrupt):ABSOLUTE (__DefaultInterrupt)
                  0x0001b6          0x4 LONG 0x2ae DEFINED (__AltInterrupt81)?ABSOLUTE (__AltInterrupt81):DEFINED (__Interrupt81)?ABSOLUTE (__Interrupt81):ABSOLUTE (__DefaultInterrupt)
                  0x0001b8          0x4 LONG 0x2ae DEFINED (__AltInterrupt82)?ABSOLUTE (__AltInterrupt82):DEFINED (__Interrupt82)?ABSOLUTE (__Interrupt82):ABSOLUTE (__DefaultInterrupt)
                  0x0001ba          0x4 LONG 0x2ae DEFINED (__AltInterrupt83)?ABSOLUTE (__AltInterrupt83):DEFINED (__Interrupt83)?ABSOLUTE (__Interrupt83):ABSOLUTE (__DefaultInterrupt)
                  0x0001bc          0x4 LONG 0x2ae DEFINED (__AltInterrupt84)?ABSOLUTE (__AltInterrupt84):DEFINED (__Interrupt84)?ABSOLUTE (__Interrupt84):ABSOLUTE (__DefaultInterrupt)
                  0x0001be          0x4 LONG 0x2ae DEFINED (__AltInterrupt85)?ABSOLUTE (__AltInterrupt85):DEFINED (__Interrupt85)?ABSOLUTE (__Interrupt85):ABSOLUTE (__DefaultInterrupt)
                  0x0001c0          0x4 LONG 0x2ae DEFINED (__AltInterrupt86)?ABSOLUTE (__AltInterrupt86):DEFINED (__Interrupt86)?ABSOLUTE (__Interrupt86):ABSOLUTE (__DefaultInterrupt)
                  0x0001c2          0x4 LONG 0x2ae DEFINED (__AltInterrupt87)?ABSOLUTE (__AltInterrupt87):DEFINED (__Interrupt87)?ABSOLUTE (__Interrupt87):ABSOLUTE (__DefaultInterrupt)
                  0x0001c4          0x4 LONG 0x2ae DEFINED (__AltInterrupt88)?ABSOLUTE (__AltInterrupt88):DEFINED (__Interrupt88)?ABSOLUTE (__Interrupt88):ABSOLUTE (__DefaultInterrupt)
                  0x0001c6          0x4 LONG 0x2ae DEFINED (__AltInterrupt89)?ABSOLUTE (__AltInterrupt89):DEFINED (__Interrupt89)?ABSOLUTE (__Interrupt89):ABSOLUTE (__DefaultInterrupt)
                  0x0001c8          0x4 LONG 0x2ae DEFINED (__AltInterrupt90)?ABSOLUTE (__AltInterrupt90):DEFINED (__Interrupt90)?ABSOLUTE (__Interrupt90):ABSOLUTE (__DefaultInterrupt)
                  0x0001ca          0x4 LONG 0x2ae DEFINED (__AltInterrupt91)?ABSOLUTE (__AltInterrupt91):DEFINED (__Interrupt91)?ABSOLUTE (__Interrupt91):ABSOLUTE (__DefaultInterrupt)
                  0x0001cc          0x4 LONG 0x2ae DEFINED (__AltInterrupt92)?ABSOLUTE (__AltInterrupt92):DEFINED (__Interrupt92)?ABSOLUTE (__Interrupt92):ABSOLUTE (__DefaultInterrupt)
                  0x0001ce          0x4 LONG 0x2ae DEFINED (__AltInterrupt93)?ABSOLUTE (__AltInterrupt93):DEFINED (__Interrupt93)?ABSOLUTE (__Interrupt93):ABSOLUTE (__DefaultInterrupt)
                  0x0001d0          0x4 LONG 0x2ae DEFINED (__AltInterrupt94)?ABSOLUTE (__AltInterrupt94):DEFINED (__Interrupt94)?ABSOLUTE (__Interrupt94):ABSOLUTE (__DefaultInterrupt)
                  0x0001d2          0x4 LONG 0x2ae DEFINED (__AltInterrupt95)?ABSOLUTE (__AltInterrupt95):DEFINED (__Interrupt95)?ABSOLUTE (__Interrupt95):ABSOLUTE (__DefaultInterrupt)
                  0x0001d4          0x4 LONG 0x2ae DEFINED (__AltCLC1Interrupt)?ABSOLUTE (__AltCLC1Interrupt):DEFINED (__CLC1Interrupt)?ABSOLUTE (__CLC1Interrupt):ABSOLUTE (__DefaultInterrupt)
                  0x0001d6          0x4 LONG 0x2ae DEFINED (__AltCLC2Interrupt)?ABSOLUTE (__AltCLC2Interrupt):DEFINED (__CLC2Interrupt)?ABSOLUTE (__CLC2Interrupt):ABSOLUTE (__DefaultInterrupt)
                  0x0001d8          0x4 LONG 0x2ae DEFINED (__AltInterrupt98)?ABSOLUTE (__AltInterrupt98):DEFINED (__Interrupt98)?ABSOLUTE (__Interrupt98):ABSOLUTE (__DefaultInterrupt)
                  0x0001da          0x4 LONG 0x2ae DEFINED (__AltInterrupt99)?ABSOLUTE (__AltInterrupt99):DEFINED (__Interrupt99)?ABSOLUTE (__Interrupt99):ABSOLUTE (__DefaultInterrupt)
                  0x0001dc          0x4 LONG 0x2ae DEFINED (__AltInterrupt100)?ABSOLUTE (__AltInterrupt100):DEFINED (__Interrupt100)?ABSOLUTE (__Interrupt100):ABSOLUTE (__DefaultInterrupt)
                  0x0001de          0x4 LONG 0x2ae DEFINED (__AltInterrupt101)?ABSOLUTE (__AltInterrupt101):DEFINED (__Interrupt101)?ABSOLUTE (__Interrupt101):ABSOLUTE (__DefaultInterrupt)
                  0x0001e0          0x4 LONG 0x2ae DEFINED (__AltInterrupt102)?ABSOLUTE (__AltInterrupt102):DEFINED (__Interrupt102)?ABSOLUTE (__Interrupt102):ABSOLUTE (__DefaultInterrupt)
                  0x0001e2          0x4 LONG 0x2ae DEFINED (__AltInterrupt103)?ABSOLUTE (__AltInterrupt103):DEFINED (__Interrupt103)?ABSOLUTE (__Interrupt103):ABSOLUTE (__DefaultInterrupt)
                  0x0001e4          0x4 LONG 0x2ae DEFINED (__AltInterrupt104)?ABSOLUTE (__AltInterrupt104):DEFINED (__Interrupt104)?ABSOLUTE (__Interrupt104):ABSOLUTE (__DefaultInterrupt)
                  0x0001e6          0x4 LONG 0x2ae DEFINED (__AltInterrupt105)?ABSOLUTE (__AltInterrupt105):DEFINED (__Interrupt105)?ABSOLUTE (__Interrupt105):ABSOLUTE (__DefaultInterrupt)
                  0x0001e8          0x4 LONG 0x2ae DEFINED (__AltInterrupt106)?ABSOLUTE (__AltInterrupt106):DEFINED (__Interrupt106)?ABSOLUTE (__Interrupt106):ABSOLUTE (__DefaultInterrupt)
                  0x0001ea          0x4 LONG 0x2ae DEFINED (__AltInterrupt107)?ABSOLUTE (__AltInterrupt107):DEFINED (__Interrupt107)?ABSOLUTE (__Interrupt107):ABSOLUTE (__DefaultInterrupt)
                  0x0001ec          0x4 LONG 0x2ae DEFINED (__AltInterrupt108)?ABSOLUTE (__AltInterrupt108):DEFINED (__Interrupt108)?ABSOLUTE (__Interrupt108):ABSOLUTE (__DefaultInterrupt)
                  0x0001ee          0x4 LONG 0x2ae DEFINED (__AltInterrupt109)?ABSOLUTE (__AltInterrupt109):DEFINED (__Interrupt109)?ABSOLUTE (__Interrupt109):ABSOLUTE (__DefaultInterrupt)
                  0x0001f0          0x4 LONG 0x2ae DEFINED (__AltInterrupt110)?ABSOLUTE (__AltInterrupt110):DEFINED (__Interrupt110)?ABSOLUTE (__Interrupt110):ABSOLUTE (__DefaultInterrupt)
                  0x0001f2          0x4 LONG 0x2ae DEFINED (__AltInterrupt111)?ABSOLUTE (__AltInterrupt111):DEFINED (__Interrupt111)?ABSOLUTE (__Interrupt111):ABSOLUTE (__DefaultInterrupt)
                  0x0001f4          0x4 LONG 0x2ae DEFINED (__AltInterrupt112)?ABSOLUTE (__AltInterrupt112):DEFINED (__Interrupt112)?ABSOLUTE (__Interrupt112):ABSOLUTE (__DefaultInterrupt)
                  0x0001f6          0x4 LONG 0x2ae DEFINED (__AltInterrupt113)?ABSOLUTE (__AltInterrupt113):DEFINED (__Interrupt113)?ABSOLUTE (__Interrupt113):ABSOLUTE (__DefaultInterrupt)
                  0x0001f8          0x4 LONG 0x2ae DEFINED (__AltInterrupt114)?ABSOLUTE (__AltInterrupt114):DEFINED (__Interrupt114)?ABSOLUTE (__Interrupt114):ABSOLUTE (__DefaultInterrupt)
                  0x0001fa          0x4 LONG 0x2ae DEFINED (__AltInterrupt115)?ABSOLUTE (__AltInterrupt115):DEFINED (__Interrupt115)?ABSOLUTE (__Interrupt115):ABSOLUTE (__DefaultInterrupt)
                  0x0001fc          0x4 LONG 0x2ae DEFINED (__AltInterrupt116)?ABSOLUTE (__AltInterrupt116):DEFINED (__Interrupt116)?ABSOLUTE (__Interrupt116):ABSOLUTE (__DefaultInterrupt)
                  0x0001fe          0x4 LONG 0x2ae DEFINED (__AltInterrupt117)?ABSOLUTE (__AltInterrupt117):DEFINED (__Interrupt117)?ABSOLUTE (__Interrupt117):ABSOLUTE (__DefaultInterrupt)
                    0x0000                  WREG0 = 0x0
                    0x0000                  _WREG0 = 0x0
                    0x0002                  WREG1 = 0x2
                    0x0002                  _WREG1 = 0x2
                    0x0004                  WREG2 = 0x4
                    0x0004                  _WREG2 = 0x4
                    0x0006                  WREG3 = 0x6
                    0x0006                  _WREG3 = 0x6
                    0x0008                  WREG4 = 0x8
                    0x0008                  _WREG4 = 0x8
                    0x000a                  WREG5 = 0xa
                    0x000a                  _WREG5 = 0xa
                    0x000c                  WREG6 = 0xc
                    0x000c                  _WREG6 = 0xc
                    0x000e                  WREG7 = 0xe
                    0x000e                  _WREG7 = 0xe
                    0x0010                  WREG8 = 0x10
                    0x0010                  _WREG8 = 0x10
                    0x0012                  WREG9 = 0x12
                    0x0012                  _WREG9 = 0x12
                    0x0014                  WREG10 = 0x14
                    0x0014                  _WREG10 = 0x14
                    0x0016                  WREG11 = 0x16
                    0x0016                  _WREG11 = 0x16
                    0x0018                  WREG12 = 0x18
                    0x0018                  _WREG12 = 0x18
                    0x001a                  WREG13 = 0x1a
                    0x001a                  _WREG13 = 0x1a
                    0x001c                  WREG14 = 0x1c
                    0x001c                  _WREG14 = 0x1c
                    0x001e                  WREG15 = 0x1e
                    0x001e                  _WREG15 = 0x1e
                    0x0020                  SPLIM = 0x20
                    0x0020                  _SPLIM = 0x20
                    0x002e                  PCL = 0x2e
                    0x002e                  _PCL = 0x2e
                    0x0030                  PCH = 0x30
                    0x0030                  _PCH = 0x30
                    0x0032                  TBLPAG = 0x32
                    0x0032                  _TBLPAG = 0x32
                    0x0032                  _TBLPAGbits = 0x32
                    0x0034                  PSVPAG = 0x34
                    0x0034                  _PSVPAG = 0x34
                    0x0034                  _PSVPAGbits = 0x34
                    0x0036                  RCOUNT = 0x36
                    0x0036                  _RCOUNT = 0x36
                    0x0042                  SR = 0x42
                    0x0042                  _SR = 0x42
                    0x0042                  _SRbits = 0x42
                    0x0044                  CORCON = 0x44
                    0x0044                  _CORCON = 0x44
                    0x0044                  _CORCONbits = 0x44
                    0x0052                  DISICNT = 0x52
                    0x0052                  _DISICNT = 0x52
                    0x0052                  _DISICNTbits = 0x52
                    0x0056                  CNPD1 = 0x56
                    0x0056                  _CNPD1 = 0x56
                    0x0056                  _CNPD1bits = 0x56
                    0x0058                  CNPD2 = 0x58
                    0x0058                  _CNPD2 = 0x58
                    0x0058                  _CNPD2bits = 0x58
                    0x0062                  CNEN1 = 0x62
                    0x0062                  _CNEN1 = 0x62
                    0x0062                  _CNEN1bits = 0x62
                    0x0064                  CNEN2 = 0x64
                    0x0064                  _CNEN2 = 0x64
                    0x0064                  _CNEN2bits = 0x64
                    0x006e                  CNPU1 = 0x6e
                    0x006e                  _CNPU1 = 0x6e
                    0x006e                  _CNPU1bits = 0x6e
                    0x0070                  CNPU2 = 0x70
                    0x0070                  _CNPU2 = 0x70
                    0x0070                  _CNPU2bits = 0x70
                    0x0080                  INTCON1 = 0x80
                    0x0080                  _INTCON1 = 0x80
                    0x0080                  _INTCON1bits = 0x80
                    0x0082                  INTCON2 = 0x82
                    0x0082                  _INTCON2 = 0x82
                    0x0082                  _INTCON2bits = 0x82
                    0x0084                  IFS0 = 0x84
                    0x0084                  _IFS0 = 0x84
                    0x0084                  _IFS0bits = 0x84
                    0x0086                  IFS1 = 0x86
                    0x0086                  _IFS1 = 0x86
                    0x0086                  _IFS1bits = 0x86
                    0x0088                  IFS2 = 0x88
                    0x0088                  _IFS2 = 0x88
                    0x0088                  _IFS2bits = 0x88
                    0x008a                  IFS3 = 0x8a
                    0x008a                  _IFS3 = 0x8a
                    0x008a                  _IFS3bits = 0x8a
                    0x008c                  IFS4 = 0x8c
                    0x008c                  _IFS4 = 0x8c
                    0x008c                  _IFS4bits = 0x8c
                    0x008e                  IFS5 = 0x8e
                    0x008e                  _IFS5 = 0x8e
                    0x008e                  _IFS5bits = 0x8e
                    0x0090                  IFS6 = 0x90
                    0x0090                  _IFS6 = 0x90
                    0x0090                  _IFS6bits = 0x90
                    0x0094                  IEC0 = 0x94
                    0x0094                  _IEC0 = 0x94
                    0x0094                  _IEC0bits = 0x94
                    0x0096                  IEC1 = 0x96
                    0x0096                  _IEC1 = 0x96
                    0x0096                  _IEC1bits = 0x96
                    0x0098                  IEC2 = 0x98
                    0x0098                  _IEC2 = 0x98
                    0x0098                  _IEC2bits = 0x98
                    0x009a                  IEC3 = 0x9a
                    0x009a                  _IEC3 = 0x9a
                    0x009a                  _IEC3bits = 0x9a
                    0x009c                  IEC4 = 0x9c
                    0x009c                  _IEC4 = 0x9c
                    0x009c                  _IEC4bits = 0x9c
                    0x009e                  IEC5 = 0x9e
                    0x009e                  _IEC5 = 0x9e
                    0x009e                  _IEC5bits = 0x9e
                    0x00a0                  IEC6 = 0xa0
                    0x00a0                  _IEC6 = 0xa0
                    0x00a0                  _IEC6bits = 0xa0
                    0x00a4                  IPC0 = 0xa4
                    0x00a4                  _IPC0 = 0xa4
                    0x00a4                  _IPC0bits = 0xa4
                    0x00a6                  IPC1 = 0xa6
                    0x00a6                  _IPC1 = 0xa6
                    0x00a6                  _IPC1bits = 0xa6
                    0x00a8                  IPC2 = 0xa8
                    0x00a8                  _IPC2 = 0xa8
                    0x00a8                  _IPC2bits = 0xa8
                    0x00aa                  IPC3 = 0xaa
                    0x00aa                  _IPC3 = 0xaa
                    0x00aa                  _IPC3bits = 0xaa
                    0x00ac                  IPC4 = 0xac
                    0x00ac                  _IPC4 = 0xac
                    0x00ac                  _IPC4bits = 0xac
                    0x00ae                  IPC5 = 0xae
                    0x00ae                  _IPC5 = 0xae
                    0x00ae                  _IPC5bits = 0xae
                    0x00b0                  IPC6 = 0xb0
                    0x00b0                  _IPC6 = 0xb0
                    0x00b0                  _IPC6bits = 0xb0
                    0x00b2                  IPC7 = 0xb2
                    0x00b2                  _IPC7 = 0xb2
                    0x00b2                  _IPC7bits = 0xb2
                    0x00b8                  IPC10 = 0xb8
                    0x00b8                  _IPC10 = 0xb8
                    0x00b8                  _IPC10bits = 0xb8
                    0x00bc                  IPC12 = 0xbc
                    0x00bc                  _IPC12 = 0xbc
                    0x00bc                  _IPC12bits = 0xbc
                    0x00c2                  IPC15 = 0xc2
                    0x00c2                  _IPC15 = 0xc2
                    0x00c2                  _IPC15bits = 0xc2
                    0x00c4                  IPC16 = 0xc4
                    0x00c4                  _IPC16 = 0xc4
                    0x00c4                  _IPC16bits = 0xc4
                    0x00c8                  IPC18 = 0xc8
                    0x00c8                  _IPC18 = 0xc8
                    0x00c8                  _IPC18bits = 0xc8
                    0x00ca                  IPC19 = 0xca
                    0x00ca                  _IPC19 = 0xca
                    0x00ca                  _IPC19bits = 0xca
                    0x00cc                  IPC20 = 0xcc
                    0x00cc                  _IPC20 = 0xcc
                    0x00cc                  _IPC20bits = 0xcc
                    0x00d4                  IPC24 = 0xd4
                    0x00d4                  _IPC24 = 0xd4
                    0x00d4                  _IPC24bits = 0xd4
                    0x00e0                  INTTREG = 0xe0
                    0x00e0                  _INTTREG = 0xe0
                    0x00e0                  _INTTREGbits = 0xe0
                    0x0100                  TMR1 = 0x100
                    0x0100                  _TMR1 = 0x100
                    0x0102                  PR1 = 0x102
                    0x0102                  _PR1 = 0x102
                    0x0104                  T1CON = 0x104
                    0x0104                  _T1CON = 0x104
                    0x0104                  _T1CONbits = 0x104
                    0x0122                  CLC1CONL = 0x122
                    0x0122                  _CLC1CONL = 0x122
                    0x0122                  _CLC1CONLbits = 0x122
                    0x0124                  CLC1CONH = 0x124
                    0x0124                  _CLC1CONH = 0x124
                    0x0124                  _CLC1CONHbits = 0x124
                    0x0126                  CLC1SEL = 0x126
                    0x0126                  _CLC1SEL = 0x126
                    0x0126                  _CLC1SELbits = 0x126
                    0x0126                  CLC1SELL = 0x126
                    0x0126                  _CLC1SELL = 0x126
                    0x0126                  _CLC1SELLbits = 0x126
                    0x012a                  CLC1GLSL = 0x12a
                    0x012a                  _CLC1GLSL = 0x12a
                    0x012a                  _CLC1GLSLbits = 0x12a
                    0x012c                  CLC1GLSH = 0x12c
                    0x012c                  _CLC1GLSH = 0x12c
                    0x012c                  _CLC1GLSHbits = 0x12c
                    0x012e                  CLC2CONL = 0x12e
                    0x012e                  _CLC2CONL = 0x12e
                    0x012e                  _CLC2CONLbits = 0x12e
                    0x0130                  CLC2CONH = 0x130
                    0x0130                  _CLC2CONH = 0x130
                    0x0130                  _CLC2CONHbits = 0x130
                    0x0132                  CLC2SEL = 0x132
                    0x0132                  _CLC2SEL = 0x132
                    0x0132                  _CLC2SELbits = 0x132
                    0x0132                  CLC2SELL = 0x132
                    0x0132                  _CLC2SELL = 0x132
                    0x0132                  _CLC2SELLbits = 0x132
                    0x0136                  CLC2GLSL = 0x136
                    0x0136                  _CLC2GLSL = 0x136
                    0x0136                  _CLC2GLSLbits = 0x136
                    0x0138                  CLC2GLSH = 0x138
                    0x0138                  _CLC2GLSH = 0x138
                    0x0138                  _CLC2GLSHbits = 0x138
                    0x0140                  CCP1CON1L = 0x140
                    0x0140                  _CCP1CON1L = 0x140
                    0x0140                  _CCP1CON1Lbits = 0x140
                    0x0142                  CCP1CON1H = 0x142
                    0x0142                  _CCP1CON1H = 0x142
                    0x0142                  _CCP1CON1Hbits = 0x142
                    0x0144                  CCP1CON2L = 0x144
                    0x0144                  _CCP1CON2L = 0x144
                    0x0144                  _CCP1CON2Lbits = 0x144
                    0x0146                  CCP1CON2H = 0x146
                    0x0146                  _CCP1CON2H = 0x146
                    0x0146                  _CCP1CON2Hbits = 0x146
                    0x0148                  CCP1CON3L = 0x148
                    0x0148                  _CCP1CON3L = 0x148
                    0x0148                  _CCP1CON3Lbits = 0x148
                    0x014a                  CCP1CON3H = 0x14a
                    0x014a                  _CCP1CON3H = 0x14a
                    0x014a                  _CCP1CON3Hbits = 0x14a
                    0x014c                  CCP1STAT = 0x14c
                    0x014c                  _CCP1STAT = 0x14c
                    0x014c                  _CCP1STATbits = 0x14c
                    0x014c                  CCP1STATL = 0x14c
                    0x014c                  _CCP1STATL = 0x14c
                    0x014c                  _CCP1STATLbits = 0x14c
                    0x0150                  CCP1TMRL = 0x150
                    0x0150                  _CCP1TMRL = 0x150
                    0x0152                  CCP1TMRH = 0x152
                    0x0152                  _CCP1TMRH = 0x152
                    0x0154                  CCP1PRL = 0x154
                    0x0154                  _CCP1PRL = 0x154
                    0x0156                  CCP1PRH = 0x156
                    0x0156                  _CCP1PRH = 0x156
                    0x0158                  CCP1RA = 0x158
                    0x0158                  _CCP1RA = 0x158
                    0x0158                  CCP1RAL = 0x158
                    0x0158                  _CCP1RAL = 0x158
                    0x015c                  CCP1RB = 0x15c
                    0x015c                  _CCP1RB = 0x15c
                    0x015c                  CCP1RBL = 0x15c
                    0x015c                  _CCP1RBL = 0x15c
                    0x0160                  CCP1BUFL = 0x160
                    0x0160                  _CCP1BUFL = 0x160
                    0x0162                  CCP1BUFH = 0x162
                    0x0162                  _CCP1BUFH = 0x162
                    0x0164                  CCP2CON1L = 0x164
                    0x0164                  _CCP2CON1L = 0x164
                    0x0164                  _CCP2CON1Lbits = 0x164
                    0x0166                  CCP2CON1H = 0x166
                    0x0166                  _CCP2CON1H = 0x166
                    0x0166                  _CCP2CON1Hbits = 0x166
                    0x0168                  CCP2CON2L = 0x168
                    0x0168                  _CCP2CON2L = 0x168
                    0x0168                  _CCP2CON2Lbits = 0x168
                    0x016a                  CCP2CON2H = 0x16a
                    0x016a                  _CCP2CON2H = 0x16a
                    0x016a                  _CCP2CON2Hbits = 0x16a
                    0x016c                  CCP2CON3L = 0x16c
                    0x016c                  _CCP2CON3L = 0x16c
                    0x016c                  _CCP2CON3Lbits = 0x16c
                    0x016e                  CCP2CON3H = 0x16e
                    0x016e                  _CCP2CON3H = 0x16e
                    0x016e                  _CCP2CON3Hbits = 0x16e
                    0x0170                  CCP2STAT = 0x170
                    0x0170                  _CCP2STAT = 0x170
                    0x0170                  _CCP2STATbits = 0x170
                    0x0170                  CCP2STATL = 0x170
                    0x0170                  _CCP2STATL = 0x170
                    0x0170                  _CCP2STATLbits = 0x170
                    0x0174                  CCP2TMRL = 0x174
                    0x0174                  _CCP2TMRL = 0x174
                    0x0176                  CCP2TMRH = 0x176
                    0x0176                  _CCP2TMRH = 0x176
                    0x0178                  CCP2PRL = 0x178
                    0x0178                  _CCP2PRL = 0x178
                    0x017a                  CCP2PRH = 0x17a
                    0x017a                  _CCP2PRH = 0x17a
                    0x017c                  CCP2RA = 0x17c
                    0x017c                  _CCP2RA = 0x17c
                    0x017c                  CCP2RAL = 0x17c
                    0x017c                  _CCP2RAL = 0x17c
                    0x0180                  CCP2RB = 0x180
                    0x0180                  _CCP2RB = 0x180
                    0x0180                  CCP2RBL = 0x180
                    0x0180                  _CCP2RBL = 0x180
                    0x0184                  CCP2BUFL = 0x184
                    0x0184                  _CCP2BUFL = 0x184
                    0x0186                  CCP2BUFH = 0x186
                    0x0186                  _CCP2BUFH = 0x186
                    0x0188                  CCP3CON1L = 0x188
                    0x0188                  _CCP3CON1L = 0x188
                    0x0188                  _CCP3CON1Lbits = 0x188
                    0x018a                  CCP3CON1H = 0x18a
                    0x018a                  _CCP3CON1H = 0x18a
                    0x018a                  _CCP3CON1Hbits = 0x18a
                    0x018c                  CCP3CON2L = 0x18c
                    0x018c                  _CCP3CON2L = 0x18c
                    0x018c                  _CCP3CON2Lbits = 0x18c
                    0x018e                  CCP3CON2H = 0x18e
                    0x018e                  _CCP3CON2H = 0x18e
                    0x018e                  _CCP3CON2Hbits = 0x18e
                    0x0190                  CCP3CON3L = 0x190
                    0x0190                  _CCP3CON3L = 0x190
                    0x0190                  _CCP3CON3Lbits = 0x190
                    0x0192                  CCP3CON3H = 0x192
                    0x0192                  _CCP3CON3H = 0x192
                    0x0192                  _CCP3CON3Hbits = 0x192
                    0x0194                  CCP3STAT = 0x194
                    0x0194                  _CCP3STAT = 0x194
                    0x0194                  _CCP3STATbits = 0x194
                    0x0194                  CCP3STATL = 0x194
                    0x0194                  _CCP3STATL = 0x194
                    0x0194                  _CCP3STATLbits = 0x194
                    0x0198                  CCP3TMRL = 0x198
                    0x0198                  _CCP3TMRL = 0x198
                    0x019a                  CCP3TMRH = 0x19a
                    0x019a                  _CCP3TMRH = 0x19a
                    0x019c                  CCP3PRL = 0x19c
                    0x019c                  _CCP3PRL = 0x19c
                    0x019e                  CCP3PRH = 0x19e
                    0x019e                  _CCP3PRH = 0x19e
                    0x01a0                  CCP3RA = 0x1a0
                    0x01a0                  _CCP3RA = 0x1a0
                    0x01a0                  CCP3RAL = 0x1a0
                    0x01a0                  _CCP3RAL = 0x1a0
                    0x01a4                  CCP3RB = 0x1a4
                    0x01a4                  _CCP3RB = 0x1a4
                    0x01a4                  CCP3RBL = 0x1a4
                    0x01a4                  _CCP3RBL = 0x1a4
                    0x01a8                  CCP3BUFL = 0x1a8
                    0x01a8                  _CCP3BUFL = 0x1a8
                    0x01aa                  CCP3BUFH = 0x1aa
                    0x01aa                  _CCP3BUFH = 0x1aa
                    0x01ac                  CCP4CON1L = 0x1ac
                    0x01ac                  _CCP4CON1L = 0x1ac
                    0x01ac                  _CCP4CON1Lbits = 0x1ac
                    0x01ae                  CCP4CON1H = 0x1ae
                    0x01ae                  _CCP4CON1H = 0x1ae
                    0x01ae                  _CCP4CON1Hbits = 0x1ae
                    0x01b0                  CCP4CON2L = 0x1b0
                    0x01b0                  _CCP4CON2L = 0x1b0
                    0x01b0                  _CCP4CON2Lbits = 0x1b0
                    0x01b2                  CCP4CON2H = 0x1b2
                    0x01b2                  _CCP4CON2H = 0x1b2
                    0x01b2                  _CCP4CON2Hbits = 0x1b2
                    0x01b6                  CCP4CON3H = 0x1b6
                    0x01b6                  _CCP4CON3H = 0x1b6
                    0x01b6                  _CCP4CON3Hbits = 0x1b6
                    0x01b8                  CCP4STAT = 0x1b8
                    0x01b8                  _CCP4STAT = 0x1b8
                    0x01b8                  _CCP4STATbits = 0x1b8
                    0x01b8                  CCP4STATL = 0x1b8
                    0x01b8                  _CCP4STATL = 0x1b8
                    0x01b8                  _CCP4STATLbits = 0x1b8
                    0x01bc                  CCP4TMRL = 0x1bc
                    0x01bc                  _CCP4TMRL = 0x1bc
                    0x01be                  CCP4TMRH = 0x1be
                    0x01be                  _CCP4TMRH = 0x1be
                    0x01c0                  CCP4PRL = 0x1c0
                    0x01c0                  _CCP4PRL = 0x1c0
                    0x01c2                  CCP4PRH = 0x1c2
                    0x01c2                  _CCP4PRH = 0x1c2
                    0x01c4                  CCP4RA = 0x1c4
                    0x01c4                  _CCP4RA = 0x1c4
                    0x01c4                  CCP4RAL = 0x1c4
                    0x01c4                  _CCP4RAL = 0x1c4
                    0x01c8                  CCP4RB = 0x1c8
                    0x01c8                  _CCP4RB = 0x1c8
                    0x01c8                  CCP4RBL = 0x1c8
                    0x01c8                  _CCP4RBL = 0x1c8
                    0x01cc                  CCP4BUFL = 0x1cc
                    0x01cc                  _CCP4BUFL = 0x1cc
                    0x01ce                  CCP4BUFH = 0x1ce
                    0x01ce                  _CCP4BUFH = 0x1ce
                    0x01d0                  CCP5CON1L = 0x1d0
                    0x01d0                  _CCP5CON1L = 0x1d0
                    0x01d0                  _CCP5CON1Lbits = 0x1d0
                    0x01d2                  CCP5CON1H = 0x1d2
                    0x01d2                  _CCP5CON1H = 0x1d2
                    0x01d2                  _CCP5CON1Hbits = 0x1d2
                    0x01d4                  CCP5CON2L = 0x1d4
                    0x01d4                  _CCP5CON2L = 0x1d4
                    0x01d4                  _CCP5CON2Lbits = 0x1d4
                    0x01d6                  CCP5CON2H = 0x1d6
                    0x01d6                  _CCP5CON2H = 0x1d6
                    0x01d6                  _CCP5CON2Hbits = 0x1d6
                    0x01da                  CCP5CON3H = 0x1da
                    0x01da                  _CCP5CON3H = 0x1da
                    0x01da                  _CCP5CON3Hbits = 0x1da
                    0x01dc                  CCP5STAT = 0x1dc
                    0x01dc                  _CCP5STAT = 0x1dc
                    0x01dc                  _CCP5STATbits = 0x1dc
                    0x01dc                  CCP5STATL = 0x1dc
                    0x01dc                  _CCP5STATL = 0x1dc
                    0x01dc                  _CCP5STATLbits = 0x1dc
                    0x01e0                  CCP5TMRL = 0x1e0
                    0x01e0                  _CCP5TMRL = 0x1e0
                    0x01e2                  CCP5TMRH = 0x1e2
                    0x01e2                  _CCP5TMRH = 0x1e2
                    0x01e4                  CCP5PRL = 0x1e4
                    0x01e4                  _CCP5PRL = 0x1e4
                    0x01e6                  CCP5PRH = 0x1e6
                    0x01e6                  _CCP5PRH = 0x1e6
                    0x01e8                  CCP5RA = 0x1e8
                    0x01e8                  _CCP5RA = 0x1e8
                    0x01e8                  CCP5RAL = 0x1e8
                    0x01e8                  _CCP5RAL = 0x1e8
                    0x01ec                  CCP5RB = 0x1ec
                    0x01ec                  _CCP5RB = 0x1ec
                    0x01ec                  CCP5RBL = 0x1ec
                    0x01ec                  _CCP5RBL = 0x1ec
                    0x01f0                  CCP5BUFL = 0x1f0
                    0x01f0                  _CCP5BUFL = 0x1f0
                    0x01f2                  CCP5BUFH = 0x1f2
                    0x01f2                  _CCP5BUFH = 0x1f2
                    0x0200                  SPI1BUF = 0x200
                    0x0200                  _SPI1BUF = 0x200
                    0x0200                  _SPI1BUFbits = 0x200
                    0x0200                  SSP1BUF = 0x200
                    0x0200                  _SSP1BUF = 0x200
                    0x0200                  _SSP1BUFbits = 0x200
                    0x0202                  SSP1CON1 = 0x202
                    0x0202                  _SSP1CON1 = 0x202
                    0x0202                  _SSP1CON1bits = 0x202
                    0x0204                  SSP1CON2 = 0x204
                    0x0204                  _SSP1CON2 = 0x204
                    0x0204                  _SSP1CON2bits = 0x204
                    0x0206                  SSP1CON3 = 0x206
                    0x0206                  _SSP1CON3 = 0x206
                    0x0206                  _SSP1CON3bits = 0x206
                    0x0208                  SSP1STAT = 0x208
                    0x0208                  _SSP1STAT = 0x208
                    0x0208                  _SSP1STATbits = 0x208
                    0x020a                  I2C1ADD = 0x20a
                    0x020a                  _I2C1ADD = 0x20a
                    0x020a                  _I2C1ADDbits = 0x20a
                    0x020a                  I2C1BRG = 0x20a
                    0x020a                  _I2C1BRG = 0x20a
                    0x020a                  _I2C1BRGbits = 0x20a
                    0x020a                  SSP1ADD = 0x20a
                    0x020a                  _SSP1ADD = 0x20a
                    0x020a                  _SSP1ADDbits = 0x20a
                    0x020a                  SSP1BRG = 0x20a
                    0x020a                  _SSP1BRG = 0x20a
                    0x020a                  _SSP1BRGbits = 0x20a
                    0x020c                  I2C1MSK = 0x20c
                    0x020c                  _I2C1MSK = 0x20c
                    0x020c                  _I2C1MSKbits = 0x20c
                    0x020c                  SSP1MSK = 0x20c
                    0x020c                  _SSP1MSK = 0x20c
                    0x020c                  _SSP1MSKbits = 0x20c
                    0x0210                  SPI2BUF = 0x210
                    0x0210                  _SPI2BUF = 0x210
                    0x0210                  _SPI2BUFbits = 0x210
                    0x0210                  SSP2BUF = 0x210
                    0x0210                  _SSP2BUF = 0x210
                    0x0210                  _SSP2BUFbits = 0x210
                    0x0212                  SSP2CON1 = 0x212
                    0x0212                  _SSP2CON1 = 0x212
                    0x0212                  _SSP2CON1bits = 0x212
                    0x0214                  SSP2CON2 = 0x214
                    0x0214                  _SSP2CON2 = 0x214
                    0x0214                  _SSP2CON2bits = 0x214
                    0x0216                  SSP2CON3 = 0x216
                    0x0216                  _SSP2CON3 = 0x216
                    0x0216                  _SSP2CON3bits = 0x216
                    0x0218                  SSP2STAT = 0x218
                    0x0218                  _SSP2STAT = 0x218
                    0x0218                  _SSP2STATbits = 0x218
                    0x021a                  I2C2ADD = 0x21a
                    0x021a                  _I2C2ADD = 0x21a
                    0x021a                  _I2C2ADDbits = 0x21a
                    0x021a                  I2C2BRG = 0x21a
                    0x021a                  _I2C2BRG = 0x21a
                    0x021a                  _I2C2BRGbits = 0x21a
                    0x021a                  SSP2ADD = 0x21a
                    0x021a                  _SSP2ADD = 0x21a
                    0x021a                  _SSP2ADDbits = 0x21a
                    0x021a                  SSP2BRG = 0x21a
                    0x021a                  _SSP2BRG = 0x21a
                    0x021a                  _SSP2BRGbits = 0x21a
                    0x021c                  I2C2MSK = 0x21c
                    0x021c                  _I2C2MSK = 0x21c
                    0x021c                  _I2C2MSKbits = 0x21c
                    0x021c                  SSP2MSK = 0x21c
                    0x021c                  _SSP2MSK = 0x21c
                    0x021c                  _SSP2MSKbits = 0x21c
                    0x0220                  U1MODE = 0x220
                    0x0220                  _U1MODE = 0x220
                    0x0220                  _U1MODEbits = 0x220
                    0x0222                  U1STA = 0x222
                    0x0222                  _U1STA = 0x222
                    0x0222                  _U1STAbits = 0x222
                    0x0224                  U1TXREG = 0x224
                    0x0224                  _U1TXREG = 0x224
                    0x0226                  U1RXREG = 0x226
                    0x0226                  _U1RXREG = 0x226
                    0x0228                  U1BRG = 0x228
                    0x0228                  _U1BRG = 0x228
                    0x0230                  U2MODE = 0x230
                    0x0230                  _U2MODE = 0x230
                    0x0230                  _U2MODEbits = 0x230
                    0x0232                  U2STA = 0x232
                    0x0232                  _U2STA = 0x232
                    0x0232                  _U2STAbits = 0x232
                    0x0234                  U2TXREG = 0x234
                    0x0234                  _U2TXREG = 0x234
                    0x0236                  U2RXREG = 0x236
                    0x0236                  _U2RXREG = 0x236
                    0x0238                  U2BRG = 0x238
                    0x0238                  _U2BRG = 0x238
                    0x024a                  AMP1CON = 0x24a
                    0x024a                  _AMP1CON = 0x24a
                    0x024a                  _AMP1CONbits = 0x24a
                    0x024c                  AMP2CON = 0x24c
                    0x024c                  _AMP2CON = 0x24c
                    0x024c                  _AMP2CONbits = 0x24c
                    0x0274                  DAC1CON = 0x274
                    0x0274                  _DAC1CON = 0x274
                    0x0274                  _DAC1CONbits = 0x274
                    0x0276                  DAC1DAT = 0x276
                    0x0276                  _DAC1DAT = 0x276
                    0x0278                  DAC2CON = 0x278
                    0x0278                  _DAC2CON = 0x278
                    0x0278                  _DAC2CONbits = 0x278
                    0x027a                  DAC2DAT = 0x27a
                    0x027a                  _DAC2DAT = 0x27a
                    0x02c0                  TRISA = 0x2c0
                    0x02c0                  _TRISA = 0x2c0
                    0x02c0                  _TRISAbits = 0x2c0
                    0x02c2                  PORTA = 0x2c2
                    0x02c2                  _PORTA = 0x2c2
                    0x02c2                  _PORTAbits = 0x2c2
                    0x02c4                  LATA = 0x2c4
                    0x02c4                  _LATA = 0x2c4
                    0x02c4                  _LATAbits = 0x2c4
                    0x02c6                  ODCA = 0x2c6
                    0x02c6                  _ODCA = 0x2c6
                    0x02c6                  _ODCAbits = 0x2c6
                    0x02c8                  TRISB = 0x2c8
                    0x02c8                  _TRISB = 0x2c8
                    0x02c8                  _TRISBbits = 0x2c8
                    0x02ca                  PORTB = 0x2ca
                    0x02ca                  _PORTB = 0x2ca
                    0x02ca                  _PORTBbits = 0x2ca
                    0x02cc                  LATB = 0x2cc
                    0x02cc                  _LATB = 0x2cc
                    0x02cc                  _LATBbits = 0x2cc
                    0x02ce                  ODCB = 0x2ce
                    0x02ce                  _ODCB = 0x2ce
                    0x02ce                  _ODCBbits = 0x2ce
                    0x02fc                  PADCFG1 = 0x2fc
                    0x02fc                  _PADCFG1 = 0x2fc
                    0x02fc                  _PADCFG1bits = 0x2fc
                    0x0300                  ADC1BUF0 = 0x300
                    0x0300                  _ADC1BUF0 = 0x300
                    0x0302                  ADC1BUF1 = 0x302
                    0x0302                  _ADC1BUF1 = 0x302
                    0x0304                  ADC1BUF2 = 0x304
                    0x0304                  _ADC1BUF2 = 0x304
                    0x0306                  ADC1BUF3 = 0x306
                    0x0306                  _ADC1BUF3 = 0x306
                    0x0308                  ADC1BUF4 = 0x308
                    0x0308                  _ADC1BUF4 = 0x308
                    0x030a                  ADC1BUF5 = 0x30a
                    0x030a                  _ADC1BUF5 = 0x30a
                    0x030c                  ADC1BUF6 = 0x30c
                    0x030c                  _ADC1BUF6 = 0x30c
                    0x030e                  ADC1BUF7 = 0x30e
                    0x030e                  _ADC1BUF7 = 0x30e
                    0x0310                  ADC1BUF8 = 0x310
                    0x0310                  _ADC1BUF8 = 0x310
                    0x0312                  ADC1BUF9 = 0x312
                    0x0312                  _ADC1BUF9 = 0x312
                    0x0314                  ADC1BUF10 = 0x314
                    0x0314                  _ADC1BUF10 = 0x314
                    0x0316                  ADC1BUF11 = 0x316
                    0x0316                  _ADC1BUF11 = 0x316
                    0x0318                  ADC1BUF12 = 0x318
                    0x0318                  _ADC1BUF12 = 0x318
                    0x031a                  ADC1BUF13 = 0x31a
                    0x031a                  _ADC1BUF13 = 0x31a
                    0x031c                  ADC1BUF14 = 0x31c
                    0x031c                  _ADC1BUF14 = 0x31c
                    0x031e                  ADC1BUF15 = 0x31e
                    0x031e                  _ADC1BUF15 = 0x31e
                    0x0320                  ADC1BUF16 = 0x320
                    0x0320                  _ADC1BUF16 = 0x320
                    0x0322                  ADC1BUF17 = 0x322
                    0x0322                  _ADC1BUF17 = 0x322
                    0x0324                  ADC1BUF18 = 0x324
                    0x0324                  _ADC1BUF18 = 0x324
                    0x0326                  ADC1BUF19 = 0x326
                    0x0326                  _ADC1BUF19 = 0x326
                    0x0328                  ADC1BUF20 = 0x328
                    0x0328                  _ADC1BUF20 = 0x328
                    0x032a                  ADC1BUF21 = 0x32a
                    0x032a                  _ADC1BUF21 = 0x32a
                    0x032c                  ADC1BUF22 = 0x32c
                    0x032c                  _ADC1BUF22 = 0x32c
                    0x032e                  ADC1BUF23 = 0x32e
                    0x032e                  _ADC1BUF23 = 0x32e
                    0x0340                  AD1CON1 = 0x340
                    0x0340                  _AD1CON1 = 0x340
                    0x0340                  _AD1CON1bits = 0x340
                    0x0342                  AD1CON2 = 0x342
                    0x0342                  _AD1CON2 = 0x342
                    0x0342                  _AD1CON2bits = 0x342
                    0x0344                  AD1CON3 = 0x344
                    0x0344                  _AD1CON3 = 0x344
                    0x0344                  _AD1CON3bits = 0x344
                    0x0348                  AD1CHS = 0x348
                    0x0348                  _AD1CHS = 0x348
                    0x0348                  _AD1CHSbits = 0x348
                    0x0348                  AD1CHS0 = 0x348
                    0x0348                  _AD1CHS0 = 0x348
                    0x0348                  _AD1CHS0bits = 0x348
                    0x034e                  AD1CSSH = 0x34e
                    0x034e                  _AD1CSSH = 0x34e
                    0x034e                  _AD1CSSHbits = 0x34e
                    0x0350                  AD1CSSL = 0x350
                    0x0350                  _AD1CSSL = 0x350
                    0x0350                  _AD1CSSLbits = 0x350
                    0x0354                  AD1CON5 = 0x354
                    0x0354                  _AD1CON5 = 0x354
                    0x0354                  _AD1CON5bits = 0x354
                    0x0356                  AD1CHITH = 0x356
                    0x0356                  _AD1CHITH = 0x356
                    0x0356                  _AD1CHITHbits = 0x356
                    0x0358                  AD1CHITL = 0x358
                    0x0358                  _AD1CHITL = 0x358
                    0x0358                  _AD1CHITLbits = 0x358
                    0x035a                  CTMUCON1L = 0x35a
                    0x035a                  _CTMUCON1L = 0x35a
                    0x035a                  _CTMUCON1Lbits = 0x35a
                    0x035c                  CTMUCON1H = 0x35c
                    0x035c                  _CTMUCON1H = 0x35c
                    0x035c                  _CTMUCON1Hbits = 0x35c
                    0x035e                  CTMUCON2 = 0x35e
                    0x035e                  _CTMUCON2 = 0x35e
                    0x035e                  _CTMUCON2bits = 0x35e
                    0x035e                  CTMUCON2L = 0x35e
                    0x035e                  _CTMUCON2L = 0x35e
                    0x035e                  _CTMUCON2Lbits = 0x35e
                    0x0360                  AD1CTMENH = 0x360
                    0x0360                  _AD1CTMENH = 0x360
                    0x0360                  _AD1CTMENHbits = 0x360
                    0x0362                  AD1CTMENL = 0x362
                    0x0362                  _AD1CTMENL = 0x362
                    0x0362                  _AD1CTMENLbits = 0x362
                    0x04e0                  ANSA = 0x4e0
                    0x04e0                  _ANSA = 0x4e0
                    0x04e0                  _ANSAbits = 0x4e0
                    0x04e2                  ANSB = 0x4e2
                    0x04e2                  _ANSB = 0x4e2
                    0x04e2                  _ANSBbits = 0x4e2
                    0x0620                  ALRMVAL = 0x620
                    0x0620                  _ALRMVAL = 0x620
                    0x0622                  ALCFGRPT = 0x622
                    0x0622                  _ALCFGRPT = 0x622
                    0x0622                  _ALCFGRPTbits = 0x622
                    0x0624                  RTCVAL = 0x624
                    0x0624                  _RTCVAL = 0x624
                    0x0626                  RCFGCAL = 0x626
                    0x0626                  _RCFGCAL = 0x626
                    0x0626                  _RCFGCALbits = 0x626
                    0x0628                  RTCPWC = 0x628
                    0x0628                  _RTCPWC = 0x628
                    0x0628                  _RTCPWCbits = 0x628
                    0x0630                  CMSTAT = 0x630
                    0x0630                  _CMSTAT = 0x630
                    0x0630                  _CMSTATbits = 0x630
                    0x0632                  CVRCON = 0x632
                    0x0632                  _CVRCON = 0x632
                    0x0632                  _CVRCONbits = 0x632
                    0x0634                  CM1CON = 0x634
                    0x0634                  _CM1CON = 0x634
                    0x0634                  _CM1CONbits = 0x634
                    0x0636                  CM2CON = 0x636
                    0x0636                  _CM2CON = 0x636
                    0x0636                  _CM2CONbits = 0x636
                    0x0638                  CM3CON = 0x638
                    0x0638                  _CM3CON = 0x638
                    0x0638                  _CM3CONbits = 0x638
                    0x0670                  BUFCON0 = 0x670
                    0x0670                  _BUFCON0 = 0x670
                    0x0670                  _BUFCON0bits = 0x670
                    0x0740                  RCON = 0x740
                    0x0740                  _RCON = 0x740
                    0x0740                  _RCONbits = 0x740
                    0x0742                  OSCCON = 0x742
                    0x0742                  _OSCCON = 0x742
                    0x0742                  _OSCCONbits = 0x742
                    0x0742                  OSCCONL = 0x742
                    0x0742                  _OSCCONL = 0x742
                    0x0743                  OSCCONH = 0x743
                    0x0743                  _OSCCONH = 0x743
                    0x0744                  CLKDIV = 0x744
                    0x0744                  _CLKDIV = 0x744
                    0x0744                  _CLKDIVbits = 0x744
                    0x0748                  OSCTUN = 0x748
                    0x0748                  _OSCTUN = 0x748
                    0x0748                  _OSCTUNbits = 0x748
                    0x074e                  REFOCON = 0x74e
                    0x074e                  _REFOCON = 0x74e
                    0x074e                  _REFOCONbits = 0x74e
                    0x0756                  HLVDCON = 0x756
                    0x0756                  _HLVDCON = 0x756
                    0x0756                  _HLVDCONbits = 0x756
                    0x0760                  NVMCON = 0x760
                    0x0760                  _NVMCON = 0x760
                    0x0760                  _NVMCONbits = 0x760
                    0x0766                  NVMKEY = 0x766
                    0x0766                  _NVMKEY = 0x766
                    0x0766                  _NVMKEYbits = 0x766
                    0x0768                  ULPWCON = 0x768
                    0x0768                  _ULPWCON = 0x768
                    0x0768                  _ULPWCONbits = 0x768
                    0x0770                  PMD1 = 0x770
                    0x0770                  _PMD1 = 0x770
                    0x0770                  _PMD1bits = 0x770
                    0x0772                  PMD2 = 0x772
                    0x0772                  _PMD2 = 0x772
                    0x0772                  _PMD2bits = 0x772
                    0x0774                  PMD3 = 0x774
                    0x0774                  _PMD3 = 0x774
                    0x0774                  _PMD3bits = 0x774
                    0x0776                  PMD4 = 0x776
                    0x0776                  _PMD4 = 0x776
                    0x0776                  _PMD4bits = 0x776
                    0x077a                  PMD6 = 0x77a
                    0x077a                  _PMD6 = 0x77a
                    0x077a                  _PMD6bits = 0x77a
                    0x077e                  PMD8 = 0x77e